 ConEmu.x64

 Timestamp is 5b0c6dcf (Mon May 28 23:59:59 2018)

 Preferred load address is 0000000180000000

 Start         Length     Name                   Class
 0001:00000000 00000010H .text$di                CODE
 0001:00000010 0002d7b0H .text$mn                CODE
 0001:0002d7c0 00000020H .text$mn$00             CODE
 0001:0002d7e0 00000550H .text$x                 CODE
 0001:0002dd30 0000003dH .text$yd                CODE
 0002:00000000 00000670H .idata$5                DATA
 0002:00000670 00000010H .00cfg                  DATA
 0002:00000680 00000008H .CRT$XCA                DATA
 0002:00000688 00000008H .CRT$XCU                DATA
 0002:00000690 00000008H .CRT$XCZ                DATA
 0002:00000698 00000008H .CRT$XIA                DATA
 0002:000006a0 00000020H .CRT$XIC                DATA
 0002:000006c0 00000008H .CRT$XIZ                DATA
 0002:000006c8 00000008H .CRT$XLA                DATA
 0002:000006d0 00000008H .CRT$XLZ                DATA
 0002:000006d8 00000008H .CRT$XPA                DATA
 0002:000006e0 00000010H .CRT$XPX                DATA
 0002:000006f0 00000008H .CRT$XPXA               DATA
 0002:000006f8 00000008H .CRT$XPZ                DATA
 0002:00000700 00000008H .CRT$XTA                DATA
 0002:00000708 00000008H .CRT$XTZ                DATA
 0002:00000710 00000000H .gfids$x                DATA
 0002:00000710 00000000H .gfids$y                DATA
 0002:00000710 0000c380H .rdata                  DATA
 0002:0000ca90 00000028H .rdata$T                DATA
 0002:0000cab8 000004dcH .rdata$r                DATA
 0002:0000cf94 000003d4H .rdata$zzzdbg           DATA
 0002:0000d368 00000008H .rtc$IAA                DATA
 0002:0000d370 00000008H .rtc$IZZ                DATA
 0002:0000d378 00000008H .rtc$TAA                DATA
 0002:0000d380 00000008H .rtc$TZZ                DATA
 0002:0000d388 00000004H .tls                    DATA
 0002:0000d38c 00000004H .tls$                   DATA
 0002:0000d390 00000010H .tls$ZZZ                DATA
 0002:0000d3a0 00002530H .xdata                  DATA
 0002:0000f8d0 00000090H .xdata$x                DATA
 0002:0000f960 000002e4H .edata                  DATA
 0002:0000fc44 00000064H .idata$2                DATA
 0002:0000fca8 00000018H .idata$3                DATA
 0002:0000fcc0 00000670H .idata$4                DATA
 0002:00010330 00000ea8H .idata$6                DATA
 0003:00000000 00000ba0H .data                   DATA
 0003:00000ba0 000001e0H .data$r                 DATA
 0003:00000d80 0000bbb0H .bss                    DATA
 0004:00000000 00002688H .pdata                  DATA
 0005:00000000 000000a0H .rsrc$01                DATA
 0005:000000a0 00000490H .rsrc$02                DATA

  Address         Publics by Value              Rva+Base               Lib:Object

 0000:00000000       __dynamic_value_reloc_table 0000000000000000     <absolute>
 0000:00000000       __guard_iat_count          0000000000000000     <absolute>
 0000:00000000       __hybrid_code_map          0000000000000000     <absolute>
 0000:00000000       __hybrid_code_map_count    0000000000000000     <absolute>
 0000:00000000       __hybrid_auxiliary_iat     0000000000000000     <absolute>
 0000:00000000       __guard_iat_table          0000000000000000     <absolute>
 0000:00000000       __guard_fids_count         0000000000000000     <absolute>
 0000:00000000       __enclave_config           0000000000000000     <absolute>
 0000:00000000       __guard_longjmp_table      0000000000000000     <absolute>
 0000:00000000       __guard_longjmp_count      0000000000000000     <absolute>
 0000:00000000       ___safe_se_handler_table   0000000000000000     <absolute>
 0000:00000000       ___safe_se_handler_count   0000000000000000     <absolute>
 0000:00000000       __guard_fids_table         0000000000000000     <absolute>
 0000:00000100       __guard_flags              0000000000000100     <absolute>
 0000:00000000       __ImageBase                0000000180000000     <linker-defined>
 0001:00000010       ??$swprintf_c@$0EA@@@YAHAEAY0EA@_WPEB_WZZ 0000000180001010 f i ConEmuInjects.obj
 0001:0000003c       ??$swprintf_c@$0IA@@@YAHAEAY0IA@_WPEB_WZZ 000000018000103c f i ConEmuInjects.obj
 0001:00000068       ??$swprintf_c@$0PP@@@YAHAEAY0PP@_WPEB_WZZ 0000000180001068 f i ConEmuInjects.obj
 0001:00000094       ?ShutdownHooks@@YAXXZ      0000000180001094 f   ConEmuInjects.obj
 0001:00000284       ?StartupConsoleHooks@@YAXXZ 0000000180001284 f   ConEmuInjects.obj
 0001:00000310       ?StartupHooks@@YA_NPEAUHINSTANCE__@@@Z 0000000180001310 f   ConEmuInjects.obj
 0001:00000710       ?StringCchCopyW@@YAJPEA_W_KPEB_W@Z 0000000180001710 f i ConEmuInjects.obj
 0001:00000788       ?StringCchVPrintfW@@YAJPEA_W_KPEB_WPEAD@Z 0000000180001788 f i ConEmuInjects.obj
 0001:0000082c       __local_stdio_printf_options 000000018000182c f i ConEmuInjects.obj
 0001:00000834       ExitFARW                   0000000180001834 f   ConEmuPlugin.obj
 0001:0000088c       ProcessEditorEventW        000000018000188c f   ConEmuPlugin.obj
 0001:0000088c       ?ProcessEditorEvent@@YAHHPEAX@Z 000000018000188c f   ConEmuPlugin.obj
 0001:000008ac       ProcessSynchroEventW       00000001800018ac f   ConEmuPlugin.obj
 0001:000008d8       ?ProcessViewerEvent@@YAHHPEAX@Z 00000001800018d8 f   ConEmuPlugin.obj
 0001:000008d8       ProcessViewerEventW        00000001800018d8 f   ConEmuPlugin.obj
 0001:000008f8       ?ProcessSynchroEventW3@@YA_JPEAX@Z 00000001800018f8 f   ConEmuPlugin.obj
 0001:00000920       ?ProcessEditorEventW3@@YA_JPEAX@Z 0000000180001920 f   ConEmuPlugin.obj
 0001:00000948       ?ProcessViewerEventW3@@YA_JPEAX@Z 0000000180001948 f   ConEmuPlugin.obj
 0001:00000970       ?ExitFARW3@@YAXPEAX@Z      0000000180001970 f   ConEmuPlugin.obj
 0001:000009c8       ?ActivateConsole@@YAHXZ    00000001800019c8 f   ConEmuPlugin.obj
 0001:00000a58       ?ExitFAR@@YAXXZ            0000000180001a58 f   ConEmuPlugin.obj
 0001:00000ab0       ?GetFarHWND2@@YAPEAUHWND__@@H@Z 0000000180001ab0 f   ConEmuPlugin.obj
 0001:00000b1c       ?GetFarHWND@@YAPEAUHWND__@@XZ 0000000180001b1c f   ConEmuPlugin.obj
 0001:00000b24       ?GetFarVersion@@YAXPEAUFarVersion@@@Z 0000000180001b24 f   ConEmuPlugin.obj
 0001:00000b40       ?GetMinFarVersion@@YAHXZ   0000000180001b40 f   ConEmuPlugin.obj
 0001:00000b70       ?GetPluginInfo@@YAXPEAX@Z  0000000180001b70 f   ConEmuPlugin.obj
 0001:00000bc4       ?GetPluginInfoW@@YAXPEAX@Z 0000000180001bc4 f   ConEmuPlugin.obj
 0001:00000be4       ?IsConsoleActive@@YAHXZ    0000000180001be4 f   ConEmuPlugin.obj
 0001:00000c3c       ?IsTerminalMode@@YAHXZ     0000000180001c3c f   ConEmuPlugin.obj
 0001:00000c44       ?OpenPlugin@@YAPEAXH_J@Z   0000000180001c44 f   ConEmuPlugin.obj
 0001:00000c74       ?OpenW@@YAPEAXPEBX@Z       0000000180001c74 f   ConEmuPlugin.obj
 0001:00000c98       ?ProcessEditorInput@@YAHPEBU_INPUT_RECORD@@@Z 0000000180001c98 f   ConEmuPlugin.obj
 0001:00000cbc       ?RegisterBackground@@YAHPEAURegisterBackgroundArg@@@Z 0000000180001cbc f   ConEmuPlugin.obj
 0001:00000d40       ?RegisterPanelView@@YAHPEAUPanelViewInit@@@Z 0000000180001d40 f   ConEmuPlugin.obj
 0001:00000ea8       ?SetStartupInfo@@YAXPEAX@Z 0000000180001ea8 f   ConEmuPlugin.obj
 0001:00000f0c       ?SetupExportsFar3@@YAXXZ   0000000180001f0c f   ConEmuPlugin.obj
 0001:00001074       ?SyncExecute@@YAHPEAUHINSTANCE__@@P6AX_J@Z1@Z 0000000180002074 f   ConEmuPlugin.obj
 0001:000010c0       DllMain                    00000001800020c0 f   ConEmuPlugin.obj
 0001:000010e4       GetMinFarVersionW          00000001800020e4 f   ConEmuPlugin.obj
 0001:000010ec       OpenPluginW                00000001800020ec f   ConEmuPlugin.obj
 0001:0000112c       ProcessEditorInputW        000000018000212c f   ConEmuPlugin.obj
 0001:00001150       SetStartupInfoW            0000000180002150 f   ConEmuPlugin.obj
 0001:00001180       ??0CPluginW1900@@QEAA@XZ   0000000180002180 f   ConEmuPlugin1900.obj
 0001:00001324       ??_GCPluginW1900@@UEAAPEAXI@Z 0000000180002324 f i ConEmuPlugin1900.obj
 0001:00001324       ??_ECPluginW1900@@UEAAPEAXI@Z 0000000180002324 f i ConEmuPlugin1900.obj
 0001:0000182c       ?CheckPanelExist@CPluginW1900@@UEAA_NXZ 000000018000282c f   ConEmuPlugin1900.obj
 0001:00001868       ?Color2BgIndex@Far3Color@@SAXKHAEAGPEBK@Z 0000000180002868 f i ConEmuPlugin1900.obj
 0001:0000197c       ?Color2FgIndex@Far3Color@@SAXKAEAGPEBK@Z 000000018000297c f i ConEmuPlugin1900.obj
 0001:00001a68       ?ExecuteSynchroApi@CPluginW1900@@UEAA_NXZ 0000000180002a68 f   ConEmuPlugin1900.obj
 0001:00001a9c       ?ExitFar@CPluginW1900@@UEAAXXZ 0000000180002a9c f   ConEmuPlugin1900.obj
 0001:00001b24       ?FarColor_3_2@@YAEAEBUFarColor@@_N@Z 0000000180002b24 f i ConEmuPlugin1900.obj
 0001:00001be4       ?GetActiveWindowType@CPluginW1900@@UEAAHXZ 0000000180002be4 f   ConEmuPlugin1900.obj
 0001:00001c98       ?GetEditorModifiedState@CPluginW1900@@UEAAKXZ 0000000180002c98 f   ConEmuPlugin1900.obj
 0001:00001cf4       ?GetFarRect@CPluginW1900@@UEAA_NAEAU_SMALL_RECT@@@Z 0000000180002cf4 f   ConEmuPlugin1900.obj
 0001:00001da0       ?GetMacroArea@CPluginW1900@@UEAAHXZ 0000000180002da0 f   ConEmuPlugin1900.obj
 0001:00001dc0       ?GetMsg@CPluginW1900@@UEAAPEB_WHPEA_W_K@Z 0000000180002dc0 f   ConEmuPlugin1900.obj
 0001:00001e30       ?GetPanelDir@CPluginW1900@@UEAAPEA_WKPEA_WH@Z 0000000180002e30 f   ConEmuPlugin1900.obj
 0001:00001f8c       ?GetPanelInfo@CPluginW1900@@UEAA_NKPEAUCEPanelInfo@@@Z 0000000180002f8c f   ConEmuPlugin1900.obj
 0001:00002228       ?GetPanelItemInfo@CPluginW1900@@UEAA_NAEBUCEPanelInfo@@_N_JAEAU_WIN32_FIND_DATAW@@PEAPEA_W@Z 0000000180003228 f   ConEmuPlugin1900.obj
 0001:000023d8       ?GetPluginInfoPtr@CPluginW1900@@UEAAXPEAX@Z 00000001800033d8 f   ConEmuPlugin1900.obj
 0001:00002434       ?GetWindowCount@CPluginW1900@@UEAAHXZ 0000000180003434 f   ConEmuPlugin1900.obj
 0001:00002464       ?GetWindowTypeName@CPluginW995@@UEAAPEB_WH@Z 0000000180003464 f   ConEmuPlugin995.obj
 0001:00002464       ?GetWindowTypeName@CPluginW1900@@UEAAPEB_WH@Z 0000000180003464 f   ConEmuPlugin1900.obj
 0001:00002464       ?GetWindowTypeName@CPluginW2800@@UEAAPEB_WH@Z 0000000180003464 f   ConEmuPlugin2800.obj
 0001:00002464       ?GetWindowTypeName@CPluginAnsi@@UEAAPEB_WH@Z 0000000180003464 f   ConEmuPluginA.obj
 0001:000024bc       ?GuiMacroDlg@CPluginW1900@@UEAAXXZ 00000001800034bc f   ConEmuPlugin1900.obj
 0001:000024c4       ?InputBox@CPluginW1900@@UEAA_NPEB_W000AEAPEA_W@Z 00000001800034c4 f   ConEmuPlugin1900.obj
 0001:00002574       ?IsMacroActive@CPluginW1900@@UEAA_NXZ 0000000180003574 f   ConEmuPlugin1900.obj
 0001:000025b8       ?LoadFarColors@CPluginW1900@@UEAAXAEAY0BAA@E@Z 00000001800035b8 f   ConEmuPlugin1900.obj
 0001:0000274c       ?LoadFarSettings@CPluginW1900@@UEAAXPEAUCEFarInterfaceSettings@@PEAUCEFarPanelSettings@@@Z 000000018000374c f   ConEmuPlugin1900.obj
 0001:00002898       ?Open@CPluginW1900@@UEAAPEAXPEBX@Z 0000000180003898 f   ConEmuPlugin1900.obj
 0001:00002974       ?OpenEditor@CPluginW1900@@UEAA_NPEB_W_N11HH@Z 0000000180003974 f   ConEmuPlugin1900.obj
 0001:00002a88       ?PanelControlApi@CPluginW1900@@UEAA_JPEAXH_J0@Z 0000000180003a88 f   ConEmuPlugin1900.obj
 0001:00002ac0       ?PostMacroApi@CPluginW1900@@UEAAXPEB_WPEAU_INPUT_RECORD@@_N@Z 0000000180003ac0 f   ConEmuPlugin1900.obj
 0001:0000306c       ?ProcessEditorEventPtr@CPluginW2800@@UEAAHPEAX@Z 000000018000406c f   ConEmuPlugin2800.obj
 0001:0000306c       ?ProcessEditorEventPtr@CPluginW1900@@UEAAHPEAX@Z 000000018000406c f   ConEmuPlugin1900.obj
 0001:00003078       ?ProcessEditorInputPtr@CPluginW1900@@UEAAHPEBX@Z 0000000180004078 f   ConEmuPlugin1900.obj
 0001:00003098       ?ProcessSynchroEventPtr@CPluginW2800@@UEAAHPEAX@Z 0000000180004098 f   ConEmuPlugin2800.obj
 0001:00003098       ?ProcessSynchroEventPtr@CPluginW1900@@UEAAHPEAX@Z 0000000180004098 f   ConEmuPlugin1900.obj
 0001:000030bc       ?ProcessViewerEventPtr@CPluginW1900@@UEAAHPEAX@Z 00000001800040bc f   ConEmuPlugin1900.obj
 0001:000030bc       ?ProcessViewerEventPtr@CPluginW2800@@UEAAHPEAX@Z 00000001800040bc f   ConEmuPlugin2800.obj
 0001:000030c8       ?RedrawAll@CPluginW1900@@UEAAXXZ 00000001800040c8 f   ConEmuPlugin1900.obj
 0001:00003100       ?SetStartupInfoPtr@CPluginW1900@@UEAAXPEAX@Z 0000000180004100 f   ConEmuPlugin1900.obj
 0001:00003254       ?SetWindow@CPluginW1900@@UEAAXH@Z 0000000180004254 f   ConEmuPlugin1900.obj
 0001:000032ac       ?ShowMessage@CPluginW1900@@UEAAHPEB_WH_N@Z 00000001800042ac f   ConEmuPlugin1900.obj
 0001:00003314       ?ShowPluginMenu@CPluginW1900@@UEAAHPEAUConEmuPluginMenuItem@@HH@Z 0000000180004314 f   ConEmuPlugin1900.obj
 0001:00003464       ?ShowUserScreen@CPluginW1900@@UEAAX_N@Z 0000000180004464 f   ConEmuPlugin1900.obj
 0001:00003490       _guard_check_icall_nop     0000000180004490 f   LIBCMT:guard_support.obj
 0001:00003490       ?ShutdownPluginStep@CPluginBase@@SAXPEB_WHHHH@Z 0000000180004490 f   ConEmuPluginBase.obj
 0001:00003490       ?WaitEndSynchro@CPluginW2800@@UEAAXXZ 0000000180004490 f   ConEmuPlugin2800.obj
 0001:00003490       ?StopWaitEndSynchro@CPluginAnsi@@UEAAXXZ 0000000180004490 f   ConEmuPluginA.obj
 0001:00003490       ?StopWaitEndSynchro@CPluginW1900@@UEAAXXZ 0000000180004490 f   ConEmuPlugin1900.obj
 0001:00003490       ?WaitEndSynchro@CPluginAnsi@@UEAAXXZ 0000000180004490 f   ConEmuPluginA.obj
 0001:00003490       ?StopWaitEndSynchro@CPluginW2800@@UEAAXXZ 0000000180004490 f   ConEmuPlugin2800.obj
 0001:00003490       ?PlugServerInit@@YAXXZ     0000000180004490 f   PluginSrv.obj
 0001:00003490       ?WaitEndSynchro@CPluginW1900@@UEAAXXZ 0000000180004490 f   ConEmuPlugin1900.obj
 0001:00003494       ?UpdateConEmuTabsApi@CPluginW1900@@UEAA_NH@Z 0000000180004494 f   ConEmuPlugin1900.obj
 0001:00003958       ??0CPluginW2800@@QEAA@XZ   0000000180004958 f   ConEmuPlugin2800.obj
 0001:00003afc       ??1?$MArray@UWindowInfo@@@@QEAA@XZ 0000000180004afc f i ConEmuPlugin2800.obj
 0001:00003b34       ??_ECPluginW2800@@UEAAPEAXI@Z 0000000180004b34 f i ConEmuPlugin2800.obj
 0001:00003b34       ??_GCPluginW2800@@UEAAPEAXI@Z 0000000180004b34 f i ConEmuPlugin2800.obj
 0001:000040b8       ?CheckPanelExist@CPluginW2800@@UEAA_NXZ 00000001800050b8 f   ConEmuPlugin2800.obj
 0001:000040f4       ?ExecuteSynchroApi@CPluginW2800@@UEAA_NXZ 00000001800050f4 f   ConEmuPlugin2800.obj
 0001:00004128       ?ExitFar@CPluginW2800@@UEAAXXZ 0000000180005128 f   ConEmuPlugin2800.obj
 0001:000041bc       ?GetActiveWindowType@CPluginW2800@@UEAAHXZ 00000001800051bc f   ConEmuPlugin2800.obj
 0001:00004274       ?GetEditorModifiedState@CPluginW2800@@UEAAKXZ 0000000180005274 f   ConEmuPlugin2800.obj
 0001:000042d4       ?GetFarRect@CPluginW2800@@UEAA_NAEAU_SMALL_RECT@@@Z 00000001800052d4 f   ConEmuPlugin2800.obj
 0001:00004388       ?GetMacroArea@CPluginW2800@@UEAAHXZ 0000000180005388 f   ConEmuPlugin2800.obj
 0001:000043a8       ?GetMsg@CPluginW2800@@UEAAPEB_WHPEA_W_K@Z 00000001800053a8 f   ConEmuPlugin2800.obj
 0001:00004418       ?GetPanelDir@CPluginW2800@@UEAAPEA_WKPEA_WH@Z 0000000180005418 f   ConEmuPlugin2800.obj
 0001:00004574       ?GetPanelInfo@CPluginW2800@@UEAA_NKPEAUCEPanelInfo@@@Z 0000000180005574 f   ConEmuPlugin2800.obj
 0001:00004814       ?GetPanelItemInfo@CPluginW2800@@UEAA_NAEBUCEPanelInfo@@_N_JAEAU_WIN32_FIND_DATAW@@PEAPEA_W@Z 0000000180005814 f   ConEmuPlugin2800.obj
 0001:000049dc       ?GetPluginInfoPtr@CPluginW2800@@UEAAXPEAX@Z 00000001800059dc f   ConEmuPlugin2800.obj
 0001:00004a38       ?GetWindowCount@CPluginW2800@@UEAAHXZ 0000000180005a38 f   ConEmuPlugin2800.obj
 0001:00004a68       ?GuiMacroDlg@CPluginW2800@@UEAAXXZ 0000000180005a68 f   ConEmuPlugin2800.obj
 0001:00004a70       ?InputBox@CPluginW2800@@UEAA_NPEB_W000AEAPEA_W@Z 0000000180005a70 f   ConEmuPlugin2800.obj
 0001:00004b20       ?IsMacroActive@CPluginW2800@@UEAA_NXZ 0000000180005b20 f   ConEmuPlugin2800.obj
 0001:00004b64       ?LoadFarColors@CPluginW2800@@UEAAXAEAY0BAA@E@Z 0000000180005b64 f   ConEmuPlugin2800.obj
 0001:00004cf8       ?LoadFarSettings@CPluginW2800@@UEAAXPEAUCEFarInterfaceSettings@@PEAUCEFarPanelSettings@@@Z 0000000180005cf8 f   ConEmuPlugin2800.obj
 0001:00004e44       ?Open@CPluginW2800@@UEAAPEAXPEBX@Z 0000000180005e44 f   ConEmuPlugin2800.obj
 0001:00004f94       ?OpenEditor@CPluginW2800@@UEAA_NPEB_W_N11HH@Z 0000000180005f94 f   ConEmuPlugin2800.obj
 0001:000050b8       ?PanelControlApi@CPluginW2800@@UEAA_JPEAXH_J0@Z 00000001800060b8 f   ConEmuPlugin2800.obj
 0001:000050f0       ?PostMacroApi@CPluginW2800@@UEAAXPEB_WPEAU_INPUT_RECORD@@_N@Z 00000001800060f0 f   ConEmuPlugin2800.obj
 0001:0000546c       ?ProcessEditorInputPtr@CPluginW2800@@UEAAHPEBX@Z 000000018000646c f   ConEmuPlugin2800.obj
 0001:0000548c       ?RedrawAll@CPluginW2800@@UEAAXXZ 000000018000648c f   ConEmuPlugin2800.obj
 0001:000054c4       ?SetStartupInfoPtr@CPluginW2800@@UEAAXPEAX@Z 00000001800064c4 f   ConEmuPlugin2800.obj
 0001:00005618       ?SetWindow@CPluginW2800@@UEAAXH@Z 0000000180006618 f   ConEmuPlugin2800.obj
 0001:00005734       ?ShowMessage@CPluginW2800@@UEAAHPEB_WH_N@Z 0000000180006734 f   ConEmuPlugin2800.obj
 0001:0000579c       ?ShowPluginMenu@CPluginW2800@@UEAAHPEAUConEmuPluginMenuItem@@HH@Z 000000018000679c f   ConEmuPlugin2800.obj
 0001:000058f0       ?ShowUserScreen@CPluginW2800@@UEAAX_N@Z 00000001800068f0 f   ConEmuPlugin2800.obj
 0001:0000591c       ?UpdateConEmuTabsApi@CPluginW2800@@UEAA_NH@Z 000000018000691c f   ConEmuPlugin2800.obj
 0001:00006158       ?addsize@?$MArray@UtagPROCESSENTRY32W@@@@QEAAX_J@Z 0000000180007158 f i common-kernel64:MProcess.obj
 0001:00006158       ?addsize@?$MArray@UWindowInfo@@@@QEAAX_J@Z 0000000180007158 f i ConEmuPlugin2800.obj
 0001:000061ec       ?insert@?$MArray@UWindowInfo@@@@QEAAX_JAEBUWindowInfo@@@Z 00000001800071ec f i ConEmuPlugin2800.obj
 0001:00006298       ?push_back@?$MArray@UWindowInfo@@@@QEAA_JAEBUWindowInfo@@@Z 0000000180007298 f i ConEmuPlugin2800.obj
 0001:00006310       GetGlobalInfoW             0000000180007310 f   ConEmuPlugin2800.obj
 0001:000063a8       ??0CPluginW995@@QEAA@XZ    00000001800073a8 f   ConEmuPlugin995.obj
 0001:00006548       ??_GCPluginW995@@UEAAPEAXI@Z 0000000180007548 f i ConEmuPlugin995.obj
 0001:00006548       ??_ECPluginW995@@UEAAPEAXI@Z 0000000180007548 f i ConEmuPlugin995.obj
 0001:00006a00       ?CheckPanelExist@CPluginW995@@UEAA_NXZ 0000000180007a00 f   ConEmuPlugin995.obj
 0001:00006a38       ?ExecuteSynchroApi@CPluginW995@@UEAA_NXZ 0000000180007a38 f   ConEmuPlugin995.obj
 0001:00006a68       ?ExitFar@CPluginW995@@UEAAXXZ 0000000180007a68 f   ConEmuPlugin995.obj
 0001:00006af0       ?GetActiveWindowType@CPluginW995@@UEAAHXZ 0000000180007af0 f   ConEmuPlugin995.obj
 0001:00006bd0       ?GetEditorModifiedState@CPluginW995@@UEAAKXZ 0000000180007bd0 f   ConEmuPlugin995.obj
 0001:00006c28       ?GetFarRect@CPluginW995@@UEAA_NAEAU_SMALL_RECT@@@Z 0000000180007c28 f   ConEmuPlugin995.obj
 0001:00006c80       ?GetMacroArea@CPluginW995@@UEAAHXZ 0000000180007c80 f   ConEmuPlugin995.obj
 0001:00006cd8       ?GetMsg@CPluginW995@@UEAAPEB_WHPEA_W_K@Z 0000000180007cd8 f   ConEmuPlugin995.obj
 0001:00006d44       ?GetPanelDir@CPluginW995@@UEAAPEA_WKPEA_WH@Z 0000000180007d44 f   ConEmuPlugin995.obj
 0001:00006e6c       ?GetPanelInfo@CPluginW995@@UEAA_NKPEAUCEPanelInfo@@@Z 0000000180007e6c f   ConEmuPlugin995.obj
 0001:000070ac       ?GetPanelItemInfo@CPluginW995@@UEAA_NAEBUCEPanelInfo@@_N_JAEAU_WIN32_FIND_DATAW@@PEAPEA_W@Z 00000001800080ac f   ConEmuPlugin995.obj
 0001:00007244       ?GetPluginInfoPtr@CPluginW995@@UEAAXPEAX@Z 0000000180008244 f   ConEmuPlugin995.obj
 0001:000072b0       ?GetWindowCount@CPluginW995@@UEAAHXZ 00000001800082b0 f   ConEmuPlugin995.obj
 0001:000072dc       ?GuiMacroDlg@CPluginW995@@UEAAXXZ 00000001800082dc f   ConEmuPlugin995.obj
 0001:000072e4       ?InputBox@CPluginW995@@UEAA_NPEB_W000AEAPEA_W@Z 00000001800082e4 f   ConEmuPlugin995.obj
 0001:00007394       ?IsMacroActive@CPluginW995@@UEAA_NXZ 0000000180008394 f   ConEmuPlugin995.obj
 0001:00007404       ?LoadFarColors@CPluginW995@@UEAAXAEAY0BAA@E@Z 0000000180008404 f   ConEmuPlugin995.obj
 0001:000074c0       ?LoadFarSettings@CPluginW995@@UEAAXPEAUCEFarInterfaceSettings@@PEAUCEFarPanelSettings@@@Z 00000001800084c0 f   ConEmuPlugin995.obj
 0001:0000751c       ?Open@CPluginW995@@UEAAPEAXPEBX@Z 000000018000851c f i ConEmuPlugin995.obj
 0001:0000751c       ?Open@CPluginAnsi@@UEAAPEAXPEBX@Z 000000018000851c f i ConEmuPluginA.obj
 0001:00007524       ?OpenEditor@CPluginW995@@UEAA_NPEB_W_N11HH@Z 0000000180008524 f   ConEmuPlugin995.obj
 0001:0000762c       ?PanelControlApi@CPluginW995@@UEAA_JPEAXH_J0@Z 000000018000862c f   ConEmuPlugin995.obj
 0001:00007670       ?PostMacroApi@CPluginW995@@UEAAXPEB_WPEAU_INPUT_RECORD@@_N@Z 0000000180008670 f   ConEmuPlugin995.obj
 0001:00007714       ?ProcessViewerEventPtr@CPluginAnsi@@UEAAHPEAX@Z 0000000180008714 f i ConEmuPluginA.obj
 0001:00007714       ?ProcessSynchroEventPtr@CPluginAnsi@@UEAAHPEAX@Z 0000000180008714 f i ConEmuPluginA.obj
 0001:00007714       ?ProcessViewerEventPtr@CPluginW995@@UEAAHPEAX@Z 0000000180008714 f i ConEmuPlugin995.obj
 0001:00007714       ?ProcessSynchroEventPtr@CPluginW995@@UEAAHPEAX@Z 0000000180008714 f i ConEmuPlugin995.obj
 0001:00007714       ?ProcessEditorEventPtr@CPluginW995@@UEAAHPEAX@Z 0000000180008714 f i ConEmuPlugin995.obj
 0001:00007714       ?ProcessEditorEventPtr@CPluginAnsi@@UEAAHPEAX@Z 0000000180008714 f i ConEmuPluginA.obj
 0001:00007714       ?ProcessEditorInputPtr@CPluginAnsi@@UEAAHPEBX@Z 0000000180008714 f i ConEmuPluginA.obj
 0001:00007718       ?ProcessEditorInputPtr@CPluginW995@@UEAAHPEBX@Z 0000000180008718 f   ConEmuPlugin995.obj
 0001:00007734       ?RedrawAll@CPluginW995@@UEAAXXZ 0000000180008734 f   ConEmuPlugin995.obj
 0001:00007764       ?SetStartupInfoPtr@CPluginW995@@UEAAXPEAX@Z 0000000180008764 f   ConEmuPlugin995.obj
 0001:000078a4       ?SetWindow@CPluginW995@@UEAAXH@Z 00000001800088a4 f   ConEmuPlugin995.obj
 0001:000078f0       ?ShowMessage@CPluginW995@@UEAAHPEB_WH_N@Z 00000001800088f0 f   ConEmuPlugin995.obj
 0001:00007950       ?ShowPluginMenu@CPluginW995@@UEAAHPEAUConEmuPluginMenuItem@@HH@Z 0000000180008950 f   ConEmuPlugin995.obj
 0001:00007a8c       ?ShowUserScreen@CPluginW995@@UEAAX_N@Z 0000000180008a8c f   ConEmuPlugin995.obj
 0001:00007ab8       ?StopWaitEndSynchro@CPluginW995@@UEAAXXZ 0000000180008ab8 f   ConEmuPlugin995.obj
 0001:00007ae8       ?UpdateConEmuTabsApi@CPluginW995@@UEAA_NH@Z 0000000180008ae8 f   ConEmuPlugin995.obj
 0001:00007d64       ?WaitEndSynchro@CPluginW995@@UEAAXXZ 0000000180008d64 f   ConEmuPlugin995.obj
 0001:00007ef8       ??0CPluginAnsi@@QEAA@XZ    0000000180008ef8 f   ConEmuPluginA.obj
 0001:00008064       ??_GCPluginAnsi@@UEAAPEAXI@Z 0000000180009064 f i ConEmuPluginA.obj
 0001:00008064       ??_ECPluginAnsi@@UEAAPEAXI@Z 0000000180009064 f i ConEmuPluginA.obj
 0001:0000861c       ?CheckPanelExist@CPluginAnsi@@UEAA_NXZ 000000018000961c f   ConEmuPluginA.obj
 0001:00008654       ?GetFarRect@CPluginAnsi@@UEAA_NAEAU_SMALL_RECT@@@Z 0000000180009654 f i ConEmuPluginA.obj
 0001:00008654       ?ExecuteSynchroApi@CPluginAnsi@@UEAA_NXZ 0000000180009654 f i ConEmuPluginA.obj
 0001:00008658       ?ExitFar@CPluginAnsi@@UEAAXXZ 0000000180009658 f   ConEmuPluginA.obj
 0001:0000869c       ?GetActiveWindowType@CPluginAnsi@@UEAAHXZ 000000018000969c f   ConEmuPluginA.obj
 0001:00008720       ?GetEditorModifiedState@CPluginAnsi@@UEAAKXZ 0000000180009720 f   ConEmuPluginA.obj
 0001:00008778       ?GetMacroArea@CPluginAnsi@@UEAAHXZ 0000000180009778 f   ConEmuPluginA.obj
 0001:00008778       _get_startup_argv_mode     0000000180009778 f   LIBCMT:argv_mode.obj
 0001:00008780       ?GetMsg@CPluginAnsi@@UEAAPEB_WHPEA_W_K@Z 0000000180009780 f   ConEmuPluginA.obj
 0001:00008828       ?GetPanelDir@CPluginAnsi@@UEAAPEA_WKPEA_WH@Z 0000000180009828 f   ConEmuPluginA.obj
 0001:00008920       ?GetPanelInfo@CPluginAnsi@@UEAA_NKPEAUCEPanelInfo@@@Z 0000000180009920 f   ConEmuPluginA.obj
 0001:00008b74       ?GetPanelItemInfo@CPluginAnsi@@UEAA_NAEBUCEPanelInfo@@_N_JAEAU_WIN32_FIND_DATAW@@PEAPEA_W@Z 0000000180009b74 f   ConEmuPluginA.obj
 0001:00008c9c       ?GetPluginInfoPtr@CPluginAnsi@@UEAAXPEAX@Z 0000000180009c9c f   ConEmuPluginA.obj
 0001:00008d28       ?GetWindowCount@CPluginAnsi@@UEAAHXZ 0000000180009d28 f   ConEmuPluginA.obj
 0001:00008d54       ?GuiMacroDlg@CPluginAnsi@@UEAAXXZ 0000000180009d54 f   ConEmuPluginA.obj
 0001:00008d5c       ?InputBox@CPluginAnsi@@UEAA_NPEB_W000AEAPEA_W@Z 0000000180009d5c f   ConEmuPluginA.obj
 0001:00008ebc       ?IsMacroActive@CPluginAnsi@@UEAA_NXZ 0000000180009ebc f   ConEmuPluginA.obj
 0001:00008f30       ?LoadFarColors@CPluginAnsi@@UEAAXAEAY0BAA@E@Z 0000000180009f30 f   ConEmuPluginA.obj
 0001:00008ff0       ?LoadFarSettings@CPluginAnsi@@UEAAXPEAUCEFarInterfaceSettings@@PEAUCEFarPanelSettings@@@Z 0000000180009ff0 f   ConEmuPluginA.obj
 0001:00009050       ?OpenEditor@CPluginAnsi@@UEAA_NPEB_W_N11HH@Z 000000018000a050 f   ConEmuPluginA.obj
 0001:0000918c       ?PanelControlApi@CPluginAnsi@@UEAA_JPEAXH_J0@Z 000000018000a18c f   ConEmuPluginA.obj
 0001:000091c8       ?PostMacroApi@CPluginAnsi@@UEAAXPEB_WPEAU_INPUT_RECORD@@_N@Z 000000018000a1c8 f   ConEmuPluginA.obj
 0001:0000928c       ?RedrawAll@CPluginAnsi@@UEAAXXZ 000000018000a28c f   ConEmuPluginA.obj
 0001:000092c0       ?SetStartupInfoPtr@CPluginAnsi@@UEAAXPEAX@Z 000000018000a2c0 f   ConEmuPluginA.obj
 0001:00009404       ?SetWindow@CPluginAnsi@@UEAAXH@Z 000000018000a404 f   ConEmuPluginA.obj
 0001:00009458       ?ShowMessage@CPluginAnsi@@UEAAHPEB_WH_N@Z 000000018000a458 f   ConEmuPluginA.obj
 0001:00009538       ?ShowPluginMenu@CPluginAnsi@@UEAAHPEAUConEmuPluginMenuItem@@HH@Z 000000018000a538 f   ConEmuPluginA.obj
 0001:000096d4       ?ShowUserScreen@CPluginAnsi@@UEAAX_N@Z 000000018000a6d4 f   ConEmuPluginA.obj
 0001:00009700       ?UpdateConEmuTabsApi@CPluginAnsi@@UEAA_NH@Z 000000018000a700 f   ConEmuPluginA.obj
 0001:000099bc       ??$swprintf_c@$0BAE@@@YAHAEAY0BAE@_WPEB_WZZ 000000018000a9bc f i ConEmuPluginBase.obj
 0001:000099e8       ??$swprintf_c@$0DAM@@@YAHAEAY0DAM@_WPEB_WZZ 000000018000a9e8 f i ConEmuPluginBase.obj
 0001:00009a14       ??$swprintf_c@$0EAA@@@YAHAEAY0EAA@_WPEB_WZZ 000000018000aa14 f i ConEmuPluginBase.obj
 0001:00009a40       ??$swprintf_c@$0MI@@@YAHAEAY0MI@_WPEB_WZZ 000000018000aa40 f i ConEmuPluginBase.obj
 0001:00009a6c       ??0CPluginBase@@QEAA@XZ    000000018000aa6c f   ConEmuPluginBase.obj
 0001:00009b94       ??0MWow64Disable@@QEAA@XZ  000000018000ab94 f i ConEmuPluginBase.obj
 0001:00009c08       ??1?$MFileMapping@UPanelViewSetMapping@@@@QEAA@XZ 000000018000ac08 f i PluginBackground.obj
 0001:00009c08       ??1?$MFileMapping@UCESERVER_CONSOLE_MAPPING_HDR@@@@QEAA@XZ 000000018000ac08 f i ConEmuPluginBase.obj
 0001:00009c08       ??1?$MFileMapping@UConEmuGuiMapping@@@@QEAA@XZ 000000018000ac08 f i common-user64:ConEmuCheckEx.obj
 0001:00009c60       ??1CPluginBase@@UEAA@XZ    000000018000ac60 f   ConEmuPluginBase.obj
 0001:00009c6c       ??1MWow64Disable@@QEAA@XZ  000000018000ac6c f i ConEmuPluginBase.obj
 0001:00009c98       ??_G?$MFileMapping@UCESERVER_CONSOLE_MAPPING_HDR@@@@QEAAPEAXI@Z 000000018000ac98 f i ConEmuPluginBase.obj
 0001:00009d10       ??_ECPluginBase@@UEAAPEAXI@Z 000000018000ad10 f i ConEmuPluginBase.obj
 0001:00009d10       ??_GCPluginBase@@UEAAPEAXI@Z 000000018000ad10 f i ConEmuPluginBase.obj
 0001:00009d3c       ?ActivatePlugin@CPluginBase@@QEAA_NKPEAXK@Z 000000018000ad3c f   ConEmuPluginBase.obj
 0001:00009f08       ?AddTab@CPluginBase@@QEAA_NAEAHH_N1HPEB_W2HHHH@Z 000000018000af08 f   ConEmuPluginBase.obj
 0001:0000a280       ?AddTabFinish@CPluginBase@@QEAAXH@Z 000000018000b280 f   ConEmuPluginBase.obj
 0001:0000a28c       ?Attach2Gui@CPluginBase@@QEAA_N_N@Z 000000018000b28c f   ConEmuPluginBase.obj
 0001:0000a6bc       ?BackgroundMacroError@CPluginBase@@SAKPEAX@Z 000000018000b6bc f   ConEmuPluginBase.obj
 0001:0000a6e4       ?CheckBufferEnabled@CPluginBase@@QEAA_NXZ 000000018000b6e4 f   ConEmuPluginBase.obj
 0001:0000a748       ?CheckConEmuDetached@CPluginBase@@SAXXZ 000000018000b748 f   ConEmuPluginBase.obj
 0001:0000a884       ?CheckResources@CPluginBase@@QEAAX_N@Z 000000018000b884 f   ConEmuPluginBase.obj
 0001:0000aa64       ?CloseTabs@CPluginBase@@SAXXZ 000000018000ba64 f   ConEmuPluginBase.obj
 0001:0000ab04       ?CommonPluginStartup@CPluginBase@@QEAAXXZ 000000018000bb04 f   ConEmuPluginBase.obj
 0001:0000ac10       ?CreateTabs@CPluginBase@@SA_NH@Z 000000018000bc10 f   ConEmuPluginBase.obj
 0001:0000acd8       ?DllCheckUnique@CPluginBase@@KA_N_N@Z 000000018000bcd8 f   ConEmuPluginBase.obj
 0001:0000af18       ?DllMain_ProcessAttach@CPluginBase@@KAXPEAUHINSTANCE__@@@Z 000000018000bf18 f   ConEmuPluginBase.obj
 0001:0000b00c       ?DllMain_ProcessDetach@CPluginBase@@KAXXZ 000000018000c00c f   ConEmuPluginBase.obj
 0001:0000b0f4       ?EditViewConsoleOutput@CPluginBase@@QEAAX_N@Z 000000018000c0f4 f   ConEmuPluginBase.obj
 0001:0000b1cc       ?EmergencyShow@CPluginBase@@KAXXZ 000000018000c1cc f   ConEmuPluginBase.obj
 0001:0000b228       ?ExecuteSynchro@CPluginBase@@QEAAXXZ 000000018000c228 f   ConEmuPluginBase.obj
 0001:0000b2ac       ?ExitFarCommon@CPluginBase@@QEAAX_N@Z 000000018000c2ac f   ConEmuPluginBase.obj
 0001:0000b2d8       ?FarSetConsoleSize@CPluginBase@@SA_NFF@Z 000000018000c2d8 f   ConEmuPluginBase.obj
 0001:0000b3e4       ?FillLoadedParm@CPluginBase@@SAXPEAUConEmuLoadedArg@@PEAUHINSTANCE__@@H@Z 000000018000c3e4 f   ConEmuPluginBase.obj
 0001:0000b4b8       ?FillUpdateBackground@CPluginBase@@QEAAXPEAUPaintBackgroundArg@@@Z 000000018000c4b8 f   ConEmuPluginBase.obj
 0001:0000b638       ?FindServerCmd@CPluginBase@@QEAA_NKAEAK_N@Z 000000018000c638 f   ConEmuPluginBase.obj
 0001:0000b734       ?GetMainThreadId@CPluginBase@@SAKXZ 000000018000c734 f   ConEmuPluginBase.obj
 0001:0000b7e8       ?GetPanelInfo@CPluginBase@@QEAA_NKPEAUBkPanelInfo@@@Z 000000018000c7e8 f   ConEmuPluginBase.obj
 0001:0000b88c       ?InitHWND@CPluginBase@@SAXXZ 000000018000c88c f   ConEmuPluginBase.obj
 0001:0000bb2c       ?InitName@?$MFileMapping@UCESERVER_CONSOLE_MAPPING_HDR@@@@QEAAPEB_WPEB_WKK@Z 000000018000cb2c f i ConEmuPluginBase.obj
 0001:0000bb2c       ?InitName@?$MFileMapping@UPanelViewSetMapping@@@@QEAAPEB_WPEB_WKK@Z 000000018000cb2c f i PluginBackground.obj
 0001:0000bb2c       ?InitName@?$MFileMapping@UConEmuGuiMapping@@@@QEAAPEB_WPEB_WKK@Z 000000018000cb2c f i common-kernel64:ConEmuCheck.obj
 0001:0000bbc8       ?InitResources@CPluginBase@@QEAAXXZ 000000018000cbc8 f   ConEmuPluginBase.obj
 0001:0000bdec       ?InitRootRegKey@CPluginBase@@IEAAXXZ 000000018000cdec f   ConEmuPluginBase.obj
 0001:0000bee8       ?InternalOpenCreate@?$MFileMapping@UCESERVER_CONSOLE_MAPPING_HDR@@@@IEAAPEAUCESERVER_CONSOLE_MAPPING_HDR@@HHH@Z 000000018000cee8 f i ConEmuPluginBase.obj
 0001:0000c09c       ?IsCurrentTabModal@CPluginBase@@QEAA_NXZ 000000018000d09c f   ConEmuPluginBase.obj
 0001:0000c25c       ?LoadFarVersion@CPluginBase@@SA_NXZ 000000018000d25c f   ConEmuPluginBase.obj
 0001:0000c4fc       ?LoadPanelTabsFromRegistry@CPluginBase@@IEAAXXZ 000000018000d4fc f   ConEmuPluginBase.obj
 0001:0000c628       ?MonitorThreadProcW@CPluginBase@@SAKPEAX@Z 000000018000d628 f   ConEmuPluginBase.obj
 0001:0000ca34       ?NotifyConEmuUnloaded@CPluginBase@@SAXXZ 000000018000da34 f   ConEmuPluginBase.obj
 0001:0000cb58       ?OnConsoleDetaching@CPluginBase@@SAHPEAUHookCallbackArg@@@Z 000000018000db58 f   ConEmuPluginBase.obj
 0001:0000ccdc       ?OnConsolePeekInput@CPluginBase@@SAHPEAUHookCallbackArg@@@Z 000000018000dcdc f   ConEmuPluginBase.obj
 0001:0000cd44       ?OnConsolePeekInputPost@CPluginBase@@SAHPEAUHookCallbackArg@@@Z 000000018000dd44 f   ConEmuPluginBase.obj
 0001:0000cd74       ?OnConsolePeekReadInput@CPluginBase@@SAX_N@Z 000000018000dd74 f   ConEmuPluginBase.obj
 0001:0000cf88       ?OnConsoleReadInput@CPluginBase@@SAHPEAUHookCallbackArg@@@Z 000000018000df88 f   ConEmuPluginBase.obj
 0001:0000cf90       ?OnConsoleReadInputPost@CPluginBase@@SAHPEAUHookCallbackArg@@@Z 000000018000df90 f   ConEmuPluginBase.obj
 0001:0000d140       ?OnConsoleReadInputWork@CPluginBase@@SAHPEAUHookCallbackArg@@@Z 000000018000e140 f   ConEmuPluginBase.obj
 0001:0000d1b4       ?OnConsoleWasAttached@CPluginBase@@SAHPEAUHookCallbackArg@@@Z 000000018000e1b4 f   ConEmuPluginBase.obj
 0001:0000d21c       ?OnCurDirChanged@CPluginBase@@SAXXZ 000000018000e21c f   ConEmuPluginBase.obj
 0001:0000d280       ?OnGetNumberOfConsoleInputEventsPost@CPluginBase@@SAHPEAUHookCallbackArg@@@Z 000000018000e280 f   ConEmuPluginBase.obj
 0001:0000d2d0       ?OnLibraryLoaded@CPluginBase@@SAXPEAUHINSTANCE__@@@Z 000000018000e2d0 f   ConEmuPluginBase.obj
 0001:0000d370       ?OnMainThreadActivated@CPluginBase@@QEAAXXZ 000000018000e370 f   ConEmuPluginBase.obj
 0001:0000d514       ?OnPanelViewCallbacks@CPluginBase@@SA_NPEAUHookCallbackArg@@P6AHPEAXPEAU_INPUT_RECORD@@KPEAKPEAH@Z5@Z 000000018000e514 f   ConEmuPluginBase.obj
 0001:0000d5ec       ?OnPostWriteConsoleOutput@CPluginBase@@SAHPEAUHookCallbackArg@@@Z 000000018000e5ec f   ConEmuPluginBase.obj
 0001:0000d5f8       ?OnShellExecuteExW_Except@CPluginBase@@SAHPEAUHookCallbackArg@@@Z 000000018000e5f8 f   ConEmuPluginBase.obj
 0001:0000d638       ?OnWriteConsoleOutput@CPluginBase@@SAHPEAUHookCallbackArg@@@Z 000000018000e638 f   ConEmuPluginBase.obj
 0001:0000d70c       ?OpenMapHeader@CPluginBase@@SAHXZ 000000018000e70c f   ConEmuPluginBase.obj
 0001:0000d860       ?OpenPluginCommon@CPluginBase@@QEAAPEAXH_J_N@Z 000000018000e860 f   ConEmuPluginBase.obj
 0001:0000db64       ?OutDataAlloc@CPluginBase@@SA_NK@Z 000000018000eb64 f   ConEmuPluginBase.obj
 0001:0000dbc4       ?OutDataRealloc@CPluginBase@@SA_NK@Z 000000018000ebc4 f   ConEmuPluginBase.obj
 0001:0000dc8c       ?OutDataWrite@CPluginBase@@SA_NPEAXK@Z 000000018000ec8c f   ConEmuPluginBase.obj
 0001:0000dd30       ?PanelControl@CPluginBase@@QEAA_JPEAXH_J0@Z 000000018000ed30 f   ConEmuPluginBase.obj
 0001:0000ddc8       ?Plugin@@YAPEAVCPluginBase@@XZ 000000018000edc8 f   ConEmuPluginBase.obj
 0001:0000de9c       ?PrintText@CPluginBase@@QEAA_NPEB_W@Z 000000018000ee9c f   ConEmuPluginBase.obj
 0001:0000dfc8       ?ProcessCommand@CPluginBase@@QEAA_NKHPEAXPEAPEAUCESERVER_REQ@@_N@Z 000000018000efc8 f   ConEmuPluginBase.obj
 0001:0000e450       ?ProcessCommandLine@CPluginBase@@QEAA_NPEA_W@Z 000000018000f450 f   ConEmuPluginBase.obj
 0001:0000e49c       ?ProcessDragFrom@CPluginBase@@QEAAXXZ 000000018000f49c f   ConEmuPluginBase.obj
 0001:0000e924       ?ProcessDragTo@CPluginBase@@QEAAXXZ 000000018000f924 f   ConEmuPluginBase.obj
 0001:0000ec34       ?ProcessEditorInputInternal@CPluginBase@@QEAAXAEBU_INPUT_RECORD@@@Z 000000018000fc34 f   ConEmuPluginBase.obj
 0001:0000ec60       ?ProcessEditorViewerEvent@CPluginBase@@QEAAHHH@Z 000000018000fc60 f   ConEmuPluginBase.obj
 0001:0000ed14       ?ProcessSetWindowCommand@CPluginBase@@QEAAXXZ 000000018000fd14 f   ConEmuPluginBase.obj
 0001:0000ee38       ?ProcessSynchroEvent@CPluginBase@@QEAAHHPEAX@Z 000000018000fe38 f   ConEmuPluginBase.obj
 0001:0000eebc       ?ReloadFarInfo@CPluginBase@@QEAA_N_N@Z 000000018000febc f   ConEmuPluginBase.obj
 0001:0000f13c       ?ReloadFarInfoApi@CPluginBase@@IEAA_NXZ 000000018001013c f   ConEmuPluginBase.obj
 0001:0000f310       ?RunExternalProgram@CPluginBase@@QEAA_NPEA_W@Z 0000000180010310 f   ConEmuPluginBase.obj
 0001:0000f4b8       ?RunExternalProgramW@CPluginBase@@SA_NPEA_W0_N@Z 00000001800104b8 f   ConEmuPluginBase.obj
 0001:0000f73c       ?SendTabs@CPluginBase@@SAXH_N@Z 000000018001073c f   ConEmuPluginBase.obj
 0001:0000f904       ?SetRootRegKey@CPluginBase@@IEAAXPEA_W@Z 0000000180010904 f   ConEmuPluginBase.obj
 0001:0000f9ac       ?ShowConsoleInfo@CPluginBase@@QEAAXXZ 00000001800109ac f   ConEmuPluginBase.obj
 0001:0000fbb4       ?ShowMessage@CPluginBase@@QEAAHHH@Z 0000000180010bb4 f   ConEmuPluginBase.obj
 0001:0000fc30       ?ShowMessageBox@CPluginBase@@KAHPEB_WI@Z 0000000180010c30 f   ConEmuPluginBase.obj
 0001:0000fd14       ?ShowMessageGui@CPluginBase@@QEAAHHH@Z 0000000180010d14 f   ConEmuPluginBase.obj
 0001:0000fd9c       ?ShowPanelsList@CPluginBase@@QEAAXXZ 0000000180010d9c f   ConEmuPluginBase.obj
 0001:0000fee8       ?ShowPluginMenu@CPluginBase@@QEAAXW4PluginCallCommands@@@Z 0000000180010ee8 f   ConEmuPluginBase.obj
 0001:000100e0       ?ShowProtocolWarning@CPluginBase@@KAXXZ 00000001800110e0 f   ConEmuPluginBase.obj
 0001:00010260       ?ShowTabsList@CPluginBase@@QEAAXXZ 0000000180011260 f   ConEmuPluginBase.obj
 0001:000104f8       ?StartDebugger@CPluginBase@@QEAA_NXZ 00000001800114f8 f   ConEmuPluginBase.obj
 0001:0001079c       ?StopThread@CPluginBase@@QEAAX_N@Z 000000018001179c f   ConEmuPluginBase.obj
 0001:00010a20       ?StorePanelDirs@CPluginBase@@QEAA_NPEB_W0@Z 0000000180011a20 f   ConEmuPluginBase.obj
 0001:00010b94       ?StringCchCatW@@YAJPEA_W_KPEB_W@Z 0000000180011b94 f i ConEmuPluginBase.obj
 0001:00010c64       ?SwitchTabCommand@CPluginBase@@QEAAXW4PluginMenuCommands@@@Z 0000000180011c64 f   ConEmuPluginBase.obj
 0001:00010ce8       ?ToOem@CPluginBase@@SAPEADPEB_W@Z 0000000180011ce8 f   ConEmuPluginBase.obj
 0001:00010d44       ?ToOem@CPluginBase@@SAXPEB_WPEAD_J@Z 0000000180011d44 f   ConEmuPluginBase.obj
 0001:00010d84       ?ToUnicode@CPluginBase@@SAPEA_WPEBD@Z 0000000180011d84 f   ConEmuPluginBase.obj
 0001:00010e04       ?UngetDummyMouseEvent@CPluginBase@@SA_N_NPEAUHookCallbackArg@@@Z 0000000180011e04 f   ConEmuPluginBase.obj
 0001:00010fb0       ?UpdateConEmuTabs@CPluginBase@@QEAA_N_N@Z 0000000180011fb0 f   ConEmuPluginBase.obj
 0001:0001123c       ?UpdatePanelDirs@CPluginBase@@QEAAXXZ 000000018001223c f   ConEmuPluginBase.obj
 0001:00011400       ?WaitPluginActivation@CPluginBase@@SAKKPEAPEAXHK@Z 0000000180012400 f   ConEmuPluginBase.obj
 0001:00011510       ?cmd_CloseQSearch@CPluginBase@@QEAAXXZ 0000000180012510 f   ConEmuPluginBase.obj
 0001:0001154c       ?cmd_ConSetFont@CPluginBase@@QEAAXPEAX@Z 000000018001254c f   ConEmuPluginBase.obj
 0001:000115a0       ?cmd_EMenu@CPluginBase@@QEAAXPEAX@Z 00000001800125a0 f   ConEmuPluginBase.obj
 0001:000116c0       ?cmd_ExternalCallback@CPluginBase@@QEAA_NPEAX@Z 00000001800126c0 f   ConEmuPluginBase.obj
 0001:00011724       ?cmd_GuiChanged@CPluginBase@@QEAAXPEAX@Z 0000000180012724 f   ConEmuPluginBase.obj
 0001:000117b0       ?cmd_LeftClickSync@CPluginBase@@QEAAXPEAX@Z 00000001800127b0 f   ConEmuPluginBase.obj
 0001:000118a4       ?cmd_OpenEditorLine@CPluginBase@@QEAA_NPEAUCESERVER_REQ_FAREDITOR@@@Z 00000001800128a4 f   ConEmuPluginBase.obj
 0001:00011978       ?cmd_RedrawFarCall@CPluginBase@@QEAA_NAEAPEAUCESERVER_REQ@@PEAPEAU2@@Z 0000000180012978 f   ConEmuPluginBase.obj
 0001:00011a4c       ?cmd_SetWindow@CPluginBase@@QEAA_NPEAX_N@Z 0000000180012a4c f   ConEmuPluginBase.obj
 0001:00011ad8       ?isMacroActive@CPluginBase@@QEAA_NAEAH@Z 0000000180012ad8 f   ConEmuPluginBase.obj
 0001:00011b14       ?isModalEditorViewer@CPluginBase@@QEAA_NXZ 0000000180012b14 f   ConEmuPluginBase.obj
 0001:00011b40       ?pcc_Disabled@CPluginBase@@SA_NW4PluginMenuCommands@@@Z 0000000180012b40 f   ConEmuPluginBase.obj
 0001:00011bb4       ?pcc_Selected@CPluginBase@@SA_NW4PluginMenuCommands@@@Z 0000000180012bb4 f   ConEmuPluginBase.obj
 0001:00011c10       ??0CPluginBackground@@QEAA@XZ 0000000180012c10 f   PluginBackground.obj
 0001:00011dd0       ??1CPluginBackground@@QEAA@XZ 0000000180012dd0 f   PluginBackground.obj
 0001:00011f50       ?CheckPanelFolders@CPluginBackground@@IEAAXH@Z 0000000180012f50 f   PluginBackground.obj
 0001:00012020       ?InternalOpenCreate@?$MFileMapping@UPanelViewSetMapping@@@@IEAAPEAUPanelViewSetMapping@@HHH@Z 0000000180013020 f i PluginBackground.obj
 0001:000121d4       ?IsParmChanged@CPluginBackground@@IEAA_NPEAUPaintBackgroundArg@@0@Z 00000001800131d4 f   PluginBackground.obj
 0001:0001244c       ?LoadThSet@CPluginBackground@@IEAAHH@Z 000000018001344c f   PluginBackground.obj
 0001:00012704       ?MonitorBackground@CPluginBackground@@QEAAXXZ 0000000180013704 f   PluginBackground.obj
 0001:0001276c       ?OnMainThreadActivated@CPluginBackground@@QEAAXHH@Z 000000018001376c f   PluginBackground.obj
 0001:0001283c       ?ReallocItems@CPluginBackground@@IEAAXH@Z 000000018001383c f   PluginBackground.obj
 0001:000128a4       ?RegisterSubplugin@CPluginBackground@@QEAAHPEAURegisterBackgroundArg@@@Z 00000001800138a4 f   PluginBackground.obj
 0001:00012b44       ?SetDcPanelRect@CPluginBackground@@IEAAXPEAUtagRECT@@PEAUBkPanelInfo@@PEAUPaintBackgroundArg@@@Z 0000000180013b44 f   PluginBackground.obj
 0001:00012c18       ?SetForceThLoad@CPluginBackground@@QEAAXXZ 0000000180013c18 f   PluginBackground.obj
 0001:00012c30       ?SetForceUpdate@CPluginBackground@@QEAAX_N@Z 0000000180013c30 f   PluginBackground.obj
 0001:00012c50       ?UpdateBackground@CPluginBackground@@IEAAXXZ 0000000180013c50 f   PluginBackground.obj
 0001:000134f4       ?UpdateBackground_Exec@CPluginBackground@@KAXPEAURegisterBackgroundArg@@PEAUPaintBackgroundArg@@@Z 00000001800144f4 f   PluginBackground.obj
 0001:00013538       ??$swprintf_c@$09@@YAHAEAY09_WPEB_WZZ 0000000180014538 f i PluginSrv.obj
 0001:00013564       ?DumpError@?$PipeServer@UCESERVER_REQ@@@@IEAAXPEAUPipeInst@1@PEB_WH@Z 0000000180014564 f i PluginSrv.obj
 0001:00013678       ?PipeServerRead@?$PipeServer@UCESERVER_REQ@@@@IEAAHPEAUPipeInst@1@@Z 0000000180014678 f i PluginSrv.obj
 0001:00013908       ?PipeServerThread@?$PipeServer@UCESERVER_REQ@@@@IEAAKPEAUPipeInst@1@@Z 0000000180014908 f i PluginSrv.obj
 0001:00013bd8       ?PipeServerWrite@?$PipeServer@UCESERVER_REQ@@@@IEAAHPEAUPipeInst@1@PEBXKPEAKH@Z 0000000180014bd8 f i PluginSrv.obj
 0001:00013d04       ?PlugServerCommand@@YAHPEAXPEAUCESERVER_REQ@@AEAPEAU1@AEAK3_J@Z 0000000180014d04 f   PluginSrv.obj
 0001:0001424c       ?PlugServerFree@@YAXPEAUCESERVER_REQ@@_J@Z 000000018001524c f   PluginSrv.obj
 0001:00014264       ?PlugServerStart@@YA_NXZ   0000000180015264 f   PluginSrv.obj
 0001:00014378       ?PlugServerStop@@YAX_N@Z   0000000180015378 f   PluginSrv.obj
 0001:000143c0       ?StartPipeInstance@?$PipeServer@UCESERVER_REQ@@@@IEAA_NPEAUPipeInst@1@@Z 00000001800153c0 f i PluginSrv.obj
 0001:0001454c       ?StartPipeServer@?$PipeServer@UCESERVER_REQ@@@@QEAA_N_NPEB_W_JPEAU_SECURITY_ATTRIBUTES@@P6AHPEAXPEAUCESERVER_REQ@@AEAPEAU3@AEAK72@ZP6AX52@ZP6AH42@ZP6AH42@ZP6AH42@Z@Z 000000018001554c f i PluginSrv.obj
 0001:000146d8       ?StopPipeServer@?$PipeServer@UCESERVER_REQ@@@@QEAAX_NAEA_N@Z 00000001800156d8 f i PluginSrv.obj
 0001:00014a28       ?TerminatePipeThread@?$PipeServer@UCESERVER_REQ@@@@KAXAEAPEAXAEBUPipeInst@1@AEA_N@Z 0000000180015a28 f i PluginSrv.obj
 0001:00014a94       ?WaitForClient@?$PipeServer@UCESERVER_REQ@@@@IEAA_NPEAUPipeInst@1@AEAH1@Z 0000000180015a94 f i PluginSrv.obj
 0001:00014dac       ?WaitOverlapped@?$PipeServer@UCESERVER_REQ@@@@IEAAHPEAUPipeInst@1@PEAK@Z 0000000180015dac f i PluginSrv.obj
 0001:00014f80       ?WriteDummyAnswer@?$PipeServer@UCESERVER_REQ@@@@IEAAHPEAUPipeInst@1@@Z 0000000180015f80 f i PluginSrv.obj
 0001:00015000       ?_PipeServerThread@?$PipeServer@UCESERVER_REQ@@@@KAKPEAX@Z 0000000180016000 f i PluginSrv.obj
 0001:0001505c       ?cmd_FarSetChanged@@YAXPEAUFAR_REQ_FARSETCHANGED@@@Z 000000018001605c f   PluginSrv.obj
 0001:000150b6       GetFileVersionInfoSizeW    00000001800160b6 f   version:VERSION.dll
 0001:000150bc       GetFileVersionInfoW        00000001800160bc f   version:VERSION.dll
 0001:000150c2       VerQueryValueW             00000001800160c2 f   version:VERSION.dll
 0001:000150c8       CreateToolhelp32Snapshot   00000001800160c8 f   kernel32:KERNEL32.dll
 0001:000150ce       Thread32First              00000001800160ce f   kernel32:KERNEL32.dll
 0001:000150d4       Thread32Next               00000001800160d4 f   kernel32:KERNEL32.dll
 0001:000150da       Module32FirstW             00000001800160da f   kernel32:KERNEL32.dll
 0001:000150e0       Module32NextW              00000001800160e0 f   kernel32:KERNEL32.dll
 0001:000150e8       ??2@YAPEAX_K@Z             00000001800160e8 f   common-kernel64:Memory.obj
 0001:0001511c       ?xf_free@@YAXPEAX@Z        000000018001611c f   common-kernel64:Memory.obj
 0001:0001511c       ??_V@YAXPEAX@Z             000000018001611c f   common-kernel64:Memory.obj
 0001:0001511c       ??3@YAXPEAX@Z              000000018001611c f   common-kernel64:Memory.obj
 0001:00015144       ?xf_malloc@@YAPEAX_K@Z     0000000180016144 f   common-kernel64:Memory.obj
 0001:00015144       ??_U@YAPEAX_K@Z            0000000180016144 f   common-kernel64:Memory.obj
 0001:00015158       ?HeapDeinitialize@@YAXXZ   0000000180016158 f   common-kernel64:Memory.obj
 0001:0001517c       ?HeapInitialize@@YA_NXZ    000000018001617c f   common-kernel64:Memory.obj
 0001:000151b0       ?xf_calloc@@YAPEAX_K0@Z    00000001800161b0 f   common-kernel64:Memory.obj
 0001:000151cc       ?xf_realloc@@YAPEAXPEAX_K@Z 00000001800161cc f   common-kernel64:Memory.obj
 0001:00015200       ?ExecuteCmd@@YAPEAUCESERVER_REQ@@PEB_WPEAU1@KPEAUHWND__@@HKH@Z 0000000180016200 f   common-kernel64:ConEmuCheck.obj
 0001:000153e8       ?ExecuteFreeResult@@YAXAEAPEAUCESERVER_REQ@@@Z 00000001800163e8 f   common-kernel64:ConEmuCheck.obj
 0001:00015408       ?ExecuteGuiCmd@@YAPEAUCESERVER_REQ@@PEAUHWND__@@PEAU1@0H@Z 0000000180016408 f   common-kernel64:ConEmuCheck.obj
 0001:000154c8       ?ExecuteNewCmd@@YAPEAUCESERVER_REQ@@K_K@Z 00000001800164c8 f   common-kernel64:ConEmuCheck.obj
 0001:0001552c       ?ExecuteNewCmd@@YA_NAEAPEAUCESERVER_REQ@@AEAKK_K@Z 000000018001652c f   common-kernel64:ConEmuCheck.obj
 0001:000155c4       ?ExecuteOpenPipe@@YAPEAXPEB_WAEAY0CAI@_W0KKHPEAXH@Z 00000001800165c4 f   common-kernel64:ConEmuCheck.obj
 0001:00015774       ?ExecutePrepareCmd@@YAXPEAUCESERVER_REQ@@K_K@Z 0000000180016774 f   common-kernel64:ConEmuCheck.obj
 0001:000157b0       ?ExecutePrepareCmd@@YAXPEAUCESERVER_REQ_HDR@@K_K@Z 00000001800167b0 f   common-kernel64:ConEmuCheck.obj
 0001:00015820       ?ExecuteSrvCmd@@YAPEAUCESERVER_REQ@@KPEAU1@PEAUHWND__@@HKH@Z 0000000180016820 f   common-kernel64:ConEmuCheck.obj
 0001:000158f4       ?GetConEmuHWND@@YAPEAUHWND__@@H@Z 00000001800168f4 f   common-kernel64:ConEmuCheck.obj
 0001:00015a38       ?GuiMessageBox@@YAHPEAUHWND__@@PEB_W1H@Z 0000000180016a38 f   common-kernel64:ConEmuCheck.obj
 0001:00015ba8       ?InternalOpenCreate@?$MFileMapping@UConEmuGuiMapping@@@@IEAAPEAUConEmuGuiMapping@@HHH@Z 0000000180016ba8 f i common-kernel64:ConEmuCheck.obj
 0001:00015d5c       ?LoadSrvMapping@@YAHPEAUHWND__@@AEAUCESERVER_CONSOLE_MAPPING_HDR@@@Z 0000000180016d5c f   common-kernel64:ConEmuCheck.obj
 0001:00015eac       ?ModuleName@@YAPEB_WPEB_W@Z 0000000180016eac f   common-kernel64:ConEmuCheck.obj
 0001:00015f70       ?isConsoleClass@@YA_NPEB_W@Z 0000000180016f70 f   common-kernel64:ConEmuCheck.obj
 0001:00015fc0       ?isConsoleWindow@@YA_NPEAUHWND__@@@Z 0000000180016fc0 f   common-kernel64:ConEmuCheck.obj
 0001:000160b0       ?myGetConsoleWindow@@YAPEAUHWND__@@XZ 00000001800170b0 f   common-kernel64:ConEmuCheck.obj
 0001:0001614c       ?StringCchVPrintfA@@YAJPEAD_KPEBD0@Z 000000018001714c f i common-kernel64:MStrSafe.obj
 0001:000161f4       ?lstrcmpni@@YAHPEB_W0H@Z   00000001800171f4 f   common-kernel64:MStrSafe.obj
 0001:00016304       ?msprintf@@YAPEB_WPEA_W_KPEB_WZZ 0000000180017304 f   common-kernel64:MStrSafe.obj
 0001:00016720       ?sprintf_c@@YAHPEAD_JPEBDZZ 0000000180017720 f   common-kernel64:MStrSafe.obj
 0001:00016760       ?swprintf_c@@YAHPEA_W_JPEB_WZZ 0000000180017760 f   common-kernel64:MStrSafe.obj
 0001:000167a0       ?IsFilePath@@YA_NPEB_W_N@Z 00000001800177a0 f   common-kernel64:CmdLine.obj
 0001:000168f0       ?PointToExt@@YAPEB_WPEB_W@Z 00000001800178f0 f   common-kernel64:CmdLine.obj
 0001:00016914       ?PointToName@@YAPEB_WPEB_W@Z 0000000180017914 f   common-kernel64:CmdLine.obj
 0001:00016970       ?Unquote@@YAPEB_WPEA_W_N@Z 0000000180017970 f   common-kernel64:CmdLine.obj
 0001:000169d8       ??$sprintf_c@$0CI@@@YAHAEAY0CI@DPEBDZZ 00000001800179d8 f i common-kernel64:WThreads.obj
 0001:00016a04       ?SetThreadName@@YAXKPEAD@Z 0000000180017a04 f   common-kernel64:WThreads.obj
 0001:00016a3c       ?apiCreateThread@@YAPEAXP6AKPEAX@Z0PEAKPEBDH@Z 0000000180017a3c f   common-kernel64:WThreads.obj
 0001:00016b90       ?apiTerminateThreadEx@@YAHPEAXKPEBDH@Z 0000000180017b90 f   common-kernel64:WThreads.obj
 0001:00016c98       ?apiThreadHelper@@YAKPEAX@Z 0000000180017c98 f   common-kernel64:WThreads.obj
 0001:00016ea4       ?lstrdup@@YAPEA_WPEB_W_K@Z 0000000180017ea4 f   common-kernel64:MStrDup.obj
 0001:00016f18       ?lstrmerge@@YAPEA_WPEB_W00000000@Z 0000000180017f18 f   common-kernel64:MStrDup.obj
 0001:0001705c       ?lstrmerge@@YA_NPEAPEA_WPEB_W1111111@Z 000000018001805c f   common-kernel64:MStrDup.obj
 0001:000170d4       ?ExpandEnvStr@@YAPEA_WPEB_W@Z 00000001800180d4 f   common-kernel64:WObjects.obj
 0001:0001717c       ?FileExists@@YA_NPEB_WPEAK@Z 000000018001817c f   common-kernel64:WObjects.obj
 0001:00017308       ?GetEnvVar@@YAPEA_WPEB_W@Z 0000000180018308 f   common-kernel64:WObjects.obj
 0001:000173ac       ?IsWin6@@YA_NXZ            00000001800183ac f   common-kernel64:WObjects.obj
 0001:000173e0       ?IsWinVerOrHigher@@YA_NG@Z 00000001800183e0 f   common-kernel64:WObjects.obj
 0001:00017474       ?IsWindows64@@YA_NXZ       0000000180018474 f   common-kernel64:WObjects.obj
 0001:00017498       ?StringCchCopyNW@@YAJPEA_W_KPEB_W1@Z 0000000180018498 f i common-kernel64:WObjects.obj
 0001:00017520       ?_VerifyVersionInfo@@YA_NPEAU_OSVERSIONINFOEXW@@K_K@Z 0000000180018520 f   common-kernel64:WObjects.obj
 0001:000175d0       ?CommonShutdown@@YAXXZ     00000001800185d0 f   common-kernel64:Common.obj
 0001:000175e0       ?IsEnvBlockVariableValid@@YA_NPEB_WAEAPEB_W@Z 00000001800185e0 f   common-kernel64:Common.obj
 0001:0001764c       ?SetCommand@CESERVER_REQ_NEWCMD@@QEAAXPEB_W@Z 000000018001864c f   common-kernel64:Common.obj
 0001:000176b4       ?SetEnvStrings@CESERVER_REQ_NEWCMD@@QEAAXPEB_WK@Z 00000001800186b4 f   common-kernel64:Common.obj
 0001:000177cc       ??_GMNullDesc@@QEAAPEAXI@Z 00000001800187cc f i common-kernel64:MSecurity.obj
 0001:00017844       ?LoadAdvApi@MNullDesc@@IEAAHXZ 0000000180018844 f i common-kernel64:MSecurity.obj
 0001:000179f8       ?LocalSecurity@@YAPEAU_SECURITY_ATTRIBUTES@@XZ 00000001800189f8 f   common-kernel64:MSecurity.obj
 0001:00017a54       ?LocalSecurity@MNullDesc@@QEAAPEAU_SECURITY_ATTRIBUTES@@XZ 0000000180018a54 f i common-kernel64:MSecurity.obj
 0001:00017bd0       ?ShutdownSecurity@@YAXXZ   0000000180018bd0 f   common-kernel64:MSecurity.obj
 0001:00017bf8       ??0CEStr@@QEAA@$$QEAPEA_W@Z 0000000180018bf8 f   common-kernel64:CEStr.obj
 0001:00017c78       ??0CEStr@@QEAA@PEB_W00000000@Z 0000000180018c78 f   common-kernel64:CEStr.obj
 0001:00017d68       ??0CEStr@@QEAA@XZ          0000000180018d68 f   common-kernel64:CEStr.obj
 0001:00017dd0       ??1CEStr@@QEAA@XZ          0000000180018dd0 f   common-kernel64:CEStr.obj
 0001:00017e1c       ??BCEStr@@QEBAPEB_WXZ      0000000180018e1c f   common-kernel64:CEStr.obj
 0001:00017e20       ?AttachInt@CEStr@@AEAAPEB_WAEAPEA_W@Z 0000000180018e20 f   common-kernel64:CEStr.obj
 0001:00017eac       ?Empty@CEStr@@QEAAXXZ      0000000180018eac f   common-kernel64:CEStr.obj
 0001:00017ecc       ?GetBuffer@CEStr@@QEAAPEA_W_J@Z 0000000180018ecc f   common-kernel64:CEStr.obj
 0001:00017f84       ?GetLen@CEStr@@QEBA_JXZ    0000000180018f84 f   common-kernel64:CEStr.obj
 0001:00017fa8       ?GetMaxCount@CEStr@@QEAA_JXZ 0000000180018fa8 f   common-kernel64:CEStr.obj
 0001:00017fd4       ?SavePathVar@CEStr@@QEAAXPEB_W@Z 0000000180018fd4 f   common-kernel64:CEStr.obj
 0001:0001800c       ?Set@CEStr@@QEAAPEB_WPEB_W_J@Z 000000018001900c f   common-kernel64:CEStr.obj
 0001:000180f8       ?Init@HkFunc@@QEAA_NPEB_WPEAUHINSTANCE__@@@Z 00000001800190f8 f   common-kernel64:HkFunc.obj
 0001:00018188       ?isConEmuHk@HkFunc@@QEAA_NXZ 0000000180019188 f   common-kernel64:HkFunc.obj
 0001:00018190       ??1?$MToolHelp@UtagPROCESSENTRY32W@@$1?Process32FirstW@@YAHPEAXPEAU1@@Z$1?Process32NextW@@YAH01@Z@@UEAA@XZ 0000000180019190 f i common-kernel64:MProcess.obj
 0001:00018228       ??_G?$MToolHelp@UtagPROCESSENTRY32W@@$1?Process32FirstW@@YAHPEAXPEAU1@@Z$1?Process32NextW@@YAH01@Z@@UEAAPEAXI@Z 0000000180019228 f i common-kernel64:MProcess.obj
 0001:00018228       ??_E?$MToolHelp@UtagPROCESSENTRY32W@@$1?Process32FirstW@@YAHPEAXPEAU1@@Z$1?Process32NextW@@YAH01@Z@@UEAAPEAXI@Z 0000000180019228 f i common-kernel64:MProcess.obj
 0001:00018228       ??_EMToolHelpProcess@@UEAAPEAXI@Z 0000000180019228 f i common-kernel64:MProcess.obj
 0001:00018228       ??_GMToolHelpProcess@@UEAAPEAXI@Z 0000000180019228 f i common-kernel64:MProcess.obj
 0001:0001825c       ?Filter@?$MToolHelp@UtagPROCESSENTRY32W@@$1?Process32FirstW@@YAHPEAXPEAU1@@Z$1?Process32NextW@@YAH01@Z@@MEAA_NPEAUtagPROCESSENTRY32W@@@Z 000000018001925c f i common-kernel64:MProcess.obj
 0001:0001825c       __acrt_uninitialize_command_line 000000018001925c f i libucrt:argv_data.obj
 0001:00018260       ?Find@?$MToolHelp@UtagPROCESSENTRY32W@@$1?Process32FirstW@@YAHPEAXPEAU1@@Z$1?Process32NextW@@YAH01@Z@@QEAA_NP6A_NPEAUtagPROCESSENTRY32W@@_J@Z10@Z 0000000180019260 f i common-kernel64:MProcess.obj
 0001:00018340       ?Open@?$MToolHelp@UtagPROCESSENTRY32W@@$1?Process32FirstW@@YAHPEAXPEAU1@@Z$1?Process32NextW@@YAH01@Z@@QEAA_NXZ 0000000180019340 f i common-kernel64:MProcess.obj
 0001:000183cc       ?getNext@?$MToolHelp@UtagPROCESSENTRY32W@@$1?Process32FirstW@@YAHPEAXPEAU1@@Z$1?Process32NextW@@YAH01@Z@@IEAA_NXZ 00000001800193cc f i common-kernel64:MProcess.obj
 0001:0001846c       ?isTerminalMode@@YA_NXZ    000000018001946c f   common-kernel64:MProcess.obj
 0001:000185f0       ?push_back@?$MArray@UtagPROCESSENTRY32W@@@@QEAA_JAEBUtagPROCESSENTRY32W@@@Z 00000001800195f0 f i common-kernel64:MProcess.obj
 0001:00018668       ??0MSection@@QEAA@XZ       0000000180019668 f   common-kernel64:MSection.obj
 0001:000186f0       ??0MSectionLock@@QEAA@XZ   00000001800196f0 f   common-kernel64:MSection.obj
 0001:00018700       ??0MSectionThread@@QEAA@PEAVMSection@@@Z 0000000180019700 f   common-kernel64:MSection.obj
 0001:00018720       ??1MSection@@QEAA@XZ       0000000180019720 f   common-kernel64:MSection.obj
 0001:00018794       ??1MSectionLock@@QEAA@XZ   0000000180019794 f   common-kernel64:MSection.obj
 0001:000187b8       ??1MSectionThread@@QEAA@XZ 00000001800197b8 f   common-kernel64:MSection.obj
 0001:000187f4       ?AddRef@MSection@@IEAAXK@Z 00000001800197f4 f   common-kernel64:MSection.obj
 0001:00018888       ?Lock@MSection@@IEAAHHK@Z  0000000180019888 f   common-kernel64:MSection.obj
 0001:00018984       ?Lock@MSectionLock@@QEAAHPEAVMSection@@HK@Z 0000000180019984 f   common-kernel64:MSection.obj
 0001:000189d8       ?MyEnterCriticalSection@MSection@@IEAA_NK@Z 00000001800199d8 f   common-kernel64:MSection.obj
 0001:00018b08       ?ReleaseRef@MSection@@IEAAHK@Z 0000000180019b08 f   common-kernel64:MSection.obj
 0001:00018ba8       ?Unlock@MSection@@IEAAXH@Z 0000000180019ba8 f   common-kernel64:MSection.obj
 0001:00018c00       ?Unlock@MSectionLock@@QEAAXXZ 0000000180019c00 f   common-kernel64:MSection.obj
 0001:00018c2c       ?WaitUnlocked@MSection@@IEAAXKK@Z 0000000180019c2c f   common-kernel64:MSection.obj
 0001:00018cc0       ?CheckCallbackPtr@@YA_NPEAUHINSTANCE__@@_KPEAP6A_JXZHHH@Z 0000000180019cc0 f   common-kernel64:WModuleCheck.obj
 0001:00018dcc       ?IsModuleValid@@YA_NPEAUHINSTANCE__@@H@Z 0000000180019dcc f   common-kernel64:WModuleCheck.obj
 0001:00018ed8       ??0MModule@@QEAA@PEAUHINSTANCE__@@@Z 0000000180019ed8 f   common-kernel64:MModule.obj
 0001:00018ee4       ??1MModule@@QEAA@XZ        0000000180019ee4 f   common-kernel64:MModule.obj
 0001:00018eec       ?Free@MModule@@QEAAXXZ     0000000180019eec f   common-kernel64:MModule.obj
 0001:00018f1c       ??0MSectionSimple@@QEAA@_N@Z 0000000180019f1c f   common-kernel64:MSectionSimple.obj
 0001:00018f54       ??1MSectionSimple@@QEAA@XZ 0000000180019f54 f   common-kernel64:MSectionSimple.obj
 0001:00018f54       ?Close@MSectionSimple@@QEAAXXZ 0000000180019f54 f   common-kernel64:MSectionSimple.obj
 0001:00018f74       ?Enter@MSectionSimple@@QEAAXXZ 0000000180019f74 f   common-kernel64:MSectionSimple.obj
 0001:00018f7c       ?Init@MSectionSimple@@QEAAXXZ 0000000180019f7c f   common-kernel64:MSectionSimple.obj
 0001:00018f9c       ?Leave@MSectionSimple@@QEAAXXZ 0000000180019f9c f   common-kernel64:MSectionSimple.obj
 0001:00018fa4       ?RecreateAndLock@MSectionSimple@@QEAA_NXZ 0000000180019fa4 f   common-kernel64:MSectionSimple.obj
 0001:00019014       ?TryEnter@MSectionSimple@@QEAA_NXZ 000000018001a014 f   common-kernel64:MSectionSimple.obj
 0001:0001903c       ??0CEnvStrings@@QEAA@PEA_W@Z 000000018001a03c f   common-user64:SetEnvVar.obj
 0001:000190b0       ??1CEnvStrings@@QEAA@XZ    000000018001a0b0 f   common-user64:SetEnvVar.obj
 0001:000190d4       ?SetConEmuEnvHWND@@YAXPEB_WPEAUHWND__@@@Z 000000018001a0d4 f   common-user64:SetEnvVar.obj
 0001:0001912c       ?SetConEmuEnvVar@@YAXPEAUHWND__@@@Z 000000018001a12c f   common-user64:SetEnvVar.obj
 0001:000191b0       ?SetConEmuEnvVarChild@@YAXPEAUHWND__@@0@Z 000000018001a1b0 f   common-user64:SetEnvVar.obj
 0001:000191dc       ?FindConEmuBaseDir@@YAHAEAY0BAF@_W0PEAUHINSTANCE__@@@Z 000000018001a1dc f   common-user64:ConEmuCheckEx.obj
 0001:0001975c       ?IsConEmuExeExist@@YAHPEB_WAEAY0BAF@_W@Z 000000018001a75c f   common-user64:ConEmuCheckEx.obj
 0001:00019804       ??$swprintf_c@$0FA@@@YAHAEAY0FA@_WPEB_WZZ 000000018001a804 f i common-user64:EmergencyShow.obj
 0001:00019830       ?CorrectConsolePos@@YAXPEAUHWND__@@@Z 000000018001a830 f   common-user64:EmergencyShow.obj
 0001:00019950       ?EmergencyShow@@YAXPEAUHWND__@@HH@Z 000000018001a950 f   common-user64:EmergencyShow.obj
 0001:00019a90       ?EvaluateDefaultFontWidth@@YAHHPEB_W@Z 000000018001aa90 f   common-user64:EmergencyShow.obj
 0001:00019ba4       ?SetUserFriendlyFont@@YAXPEAUHWND__@@HH@Z 000000018001aba4 f   common-user64:EmergencyShow.obj
 0001:00019f98       ??0MSetter@@QEAA@PEAJ@Z    000000018001af98 f   common-user64:MSetter.obj
 0001:00019fac       ??1MSetter@@QEAA@XZ        000000018001afac f   common-user64:MSetter.obj
 0001:00019fb4       ?Unlock@MSetter@@QEAAXXZ   000000018001afb4 f   common-user64:MSetter.obj
 0001:00019ff8       ?IsDotsName@@YA_NPEB_W@Z   000000018001aff8 f   common-user64:WFiles.obj
 0001:0001a01c       ?SearchAppPaths@@YA_NPEB_WAEAUCEStr@@_NPEAU1@@Z 000000018001b01c f   common-user64:WFiles.obj
 0001:0001a41c       ?GetConsoleSizeInfo@@YAXPEAUCONSOLE_INFO@@@Z 000000018001b41c f   common-user64:WConsoleEx.obj
 0001:0001a4a8       ?SetConsoleFontSizeTo@@YAXPEAUHWND__@@HHPEB_WGG@Z 000000018001b4a8 f   common-user64:WConsoleEx.obj
 0001:0001a890       ?SetConsoleInfo@@YAHPEAUHWND__@@PEAUCONSOLE_INFO@@@Z 000000018001b890 f   common-user64:WConsoleEx.obj
 0001:0001aa8c       ?SetEnvVarExpanded@@YAXPEB_W0@Z 000000018001ba8c f   common-user64:WUser.obj
 0001:0001ab70       ?UpdateComspec@@YAXPEAUConEmuComspec@@_N@Z 000000018001bb70 f   common-user64:WUser.obj
 0001:0001ae14       ?apiShowWindow@@YA_NPEAUHWND__@@H@Z 000000018001be14 f   common-user64:WUser.obj
 0001:0001ae28       ?apiShowWindowAsync@@YA_NPEAUHWND__@@H@Z 000000018001be28 f   common-user64:WUser.obj
 0001:0001ae3c       ?FindMonitorsWorkspace@@YAHPEAUHMONITOR__@@PEAUHDC__@@PEAUtagRECT@@_J@Z 000000018001be3c f   common-user64:Monitors.obj
 0001:0001ae78       ?GetAllMonitorsWorkspace@@YA?AUtagRECT@@XZ 000000018001be78 f   common-user64:Monitors.obj
 0001:0001aedc       __GSHandlerCheck           000000018001bedc f   LIBCMT:_gshandler_.obj
 0001:0001aefc       __GSHandlerCheckCommon     000000018001befc f   LIBCMT:_gshandler_.obj
 0001:0001af70       __security_check_cookie    000000018001bf70 f   LIBCMT:_amdsecgs_.obj
 0001:0001af94       ??3@YAXPEAX_K@Z            000000018001bf94 f   LIBCMT:delete_scalar_size.obj
 0001:0001afb0       _alloca_probe              000000018001bfb0 f   LIBCMT:_chkstk_.obj
 0001:0001afb0       __chkstk                   000000018001bfb0 f   LIBCMT:_chkstk_.obj
 0001:0001b004       ??_Etype_info@@UEAAPEAXI@Z 000000018001c004 f i LIBCMT:std_type_info_static.obj
 0001:0001b004       ??_Gtype_info@@UEAAPEAXI@Z 000000018001c004 f i LIBCMT:std_type_info_static.obj
 0001:0001b030       __GSHandlerCheck_EH        000000018001c030 f   LIBCMT:gshandlereh.obj
 0001:0001b220       _Init_thread_footer        000000018001c220 f   LIBCMT:thread_safe_statics.obj
 0001:0001b280       _Init_thread_header        000000018001c280 f   LIBCMT:thread_safe_statics.obj
 0001:0001b2e8       _Init_thread_notify        000000018001c2e8 f   LIBCMT:thread_safe_statics.obj
 0001:0001b338       _Init_thread_wait          000000018001c338 f   LIBCMT:thread_safe_statics.obj
 0001:0001b6d0       _DllMainCRTStartup         000000018001c6d0 f   LIBCMT:dll_dllmain.obj
 0001:0001b710       __scrt_acquire_startup_lock 000000018001c710 f   LIBCMT:utility.obj
 0001:0001b74c       __scrt_dllmain_after_initialize_c 000000018001c74c f   LIBCMT:utility.obj
 0001:0001b780       __scrt_dllmain_before_initialize_c 000000018001c780 f   LIBCMT:utility.obj
 0001:0001b798       __scrt_dllmain_crt_thread_attach 000000018001c798 f   LIBCMT:utility.obj
 0001:0001b7c0       __scrt_dllmain_crt_thread_detach 000000018001c7c0 f   LIBCMT:utility.obj
 0001:0001b7d8       __scrt_dllmain_exception_filter 000000018001c7d8 f   LIBCMT:utility.obj
 0001:0001b838       __scrt_dllmain_uninitialize_c 000000018001c838 f   LIBCMT:utility.obj
 0001:0001b868       __scrt_dllmain_uninitialize_critical 000000018001c868 f   LIBCMT:utility.obj
 0001:0001b87c       __scrt_initialize_crt      000000018001c87c f   LIBCMT:utility.obj
 0001:0001b8c8       __scrt_initialize_onexit_tables 000000018001c8c8 f   LIBCMT:utility.obj
 0001:0001b9a4       __scrt_is_nonwritable_in_current_image 000000018001c9a4 f   LIBCMT:utility.obj
 0001:0001ba40       __scrt_release_startup_lock 000000018001ca40 f   LIBCMT:utility.obj
 0001:0001ba64       __scrt_uninitialize_crt    000000018001ca64 f   LIBCMT:utility.obj
 0001:0001ba90       _onexit                    000000018001ca90 f   LIBCMT:utility.obj
 0001:0001bae0       atexit                     000000018001cae0 f   LIBCMT:utility.obj
 0001:0001baf8       __raise_securityfailure    000000018001caf8 f   LIBCMT:gs_report.obj
 0001:0001bb2c       __report_gsfailure         000000018001cb2c f   LIBCMT:gs_report.obj
 0001:0001bc00       __report_rangecheckfailure 000000018001cc00 f   LIBCMT:gs_report.obj
 0001:0001bc14       __report_securityfailure   000000018001cc14 f   LIBCMT:gs_report.obj
 0001:0001bd94       __crt_debugger_hook        000000018001cd94 f   LIBCMT:utility_desktop.obj
 0001:0001bd9c       __scrt_fastfail            000000018001cd9c f   LIBCMT:utility_desktop.obj
 0001:0001bee8       __security_init_cookie     000000018001cee8 f   LIBCMT:gs_support.obj
 0001:0001bf98       ?__scrt_initialize_type_info@@YAXXZ 000000018001cf98 f   LIBCMT:tncleanup.obj
 0001:0001bfa8       ?__scrt_uninitialize_type_info@@YAXXZ 000000018001cfa8 f   LIBCMT:tncleanup.obj
 0001:0001bfb4       __local_stdio_scanf_options 000000018001cfb4 f i LIBCMT:default_local_stdio_options.obj
 0001:0001bfbc       __scrt_initialize_default_local_stdio_options 000000018001cfbc f   LIBCMT:default_local_stdio_options.obj
 0001:0001bfd8       __scrt_get_dyn_tls_init_callback 000000018001cfd8 f   LIBCMT:dyn_tls_init.obj
 0001:0001bfe0       _RTC_Initialize            000000018001cfe0 f   LIBCMT:_initsect_.obj
 0001:0001c01c       _RTC_Terminate             000000018001d01c f   LIBCMT:_initsect_.obj
 0001:0001c058       __isa_available_init       000000018001d058 f   LIBCMT:_cpu_disp_.obj
 0001:0001c214       __scrt_is_ucrt_dll_in_use  000000018001d214 f   LIBCMT:ucrt_detection.obj
 0001:0001c220       ?_ExecutionInCatch@@YAHPEAU_xDISPATCHER_CONTEXT@@PEBU_s_FuncInfo@@@Z 000000018001d220 f   libvcruntime:risctrnsctrl.obj
 0001:0001c294       ?_GetEstablisherFrame@@YAPEA_KPEA_KPEAU_xDISPATCHER_CONTEXT@@PEBU_s_FuncInfo@@0@Z 000000018001d294 f   libvcruntime:risctrnsctrl.obj
 0001:0001c360       ?_GetRangeOfTrysToCheck@@YAPEBU_s_TryBlockMapEntry@@PEA_KPEBU_s_FuncInfo@@HHPEAI2PEAU_xDISPATCHER_CONTEXT@@@Z 000000018001d360 f   libvcruntime:risctrnsctrl.obj
 0001:0001c48c       ?__FrameUnwindToEmptyState@@YAXPEA_KPEAU_xDISPATCHER_CONTEXT@@PEBU_s_FuncInfo@@@Z 000000018001d48c f   libvcruntime:risctrnsctrl.obj
 0001:0001c520       _CallSETranslator          000000018001d520 f   libvcruntime:risctrnsctrl.obj
 0001:0001c574       _CreateFrameInfo           000000018001d574 f   libvcruntime:risctrnsctrl.obj
 0001:0001c5b0       _FindAndUnlinkFrame        000000018001d5b0 f   libvcruntime:risctrnsctrl.obj
 0001:0001c604       _GetImageBase              000000018001d604 f   libvcruntime:risctrnsctrl.obj
 0001:0001c618       _GetThrowImageBase         000000018001d618 f   libvcruntime:risctrnsctrl.obj
 0001:0001c62c       _SetImageBase              000000018001d62c f   libvcruntime:risctrnsctrl.obj
 0001:0001c644       _SetThrowImageBase         000000018001d644 f   libvcruntime:risctrnsctrl.obj
 0001:0001c65c       _UnwindNestedFrames        000000018001d65c f   libvcruntime:risctrnsctrl.obj
 0001:0001c780       __CxxFrameHandler3         000000018001d780 f   libvcruntime:risctrnsctrl.obj
 0001:0001c810       memmove                    000000018001d810 f   libvcruntime:memcpy.obj
 0001:0001c810       memcpy                     000000018001d810 f   libvcruntime:memcpy.obj
 0001:0001cc58       wcschr                     000000018001dc58 f   libvcruntime:wcschr.obj
 0001:0001ccec       wcsstr                     000000018001dcec f   libvcruntime:wcsstr.obj
 0001:0001cf20       memset                     000000018001df20 f   libvcruntime:memset.obj
 0001:0001d0d0       __DestructExceptionObject  000000018001e0d0 f   libvcruntime:ehhelpers.obj
 0001:0001d144       ?_CallMemberFunction0@@YAXQEAX0@Z 000000018001e144 f i libvcruntime:ehhelpers.obj
 0001:0001d148       _IsExceptionObjectToBeDestroyed 000000018001e148 f   libvcruntime:ehhelpers.obj
 0001:0001d178       __AdjustPointer            000000018001e178 f   libvcruntime:ehhelpers.obj
 0001:0001d19c       __FrameUnwindFilter        000000018001e19c f   libvcruntime:ehhelpers.obj
 0001:0001d1e8       __std_terminate            000000018001e1e8 f   libvcruntime:ehhelpers.obj
 0001:0001d1f4       _purecall                  000000018001e1f4 f   libvcruntime:purevirt.obj
 0001:0001d224       wcsrchr                    000000018001e224 f   libvcruntime:wcsrchr.obj
 0001:0001d2f0       memcmp                     000000018001e2f0 f   libvcruntime:memcmp.obj
 0001:0001d3b8       strrchr                    000000018001e3b8 f   libvcruntime:strrchr.obj
 0001:0001d504       strchr                     000000018001e504 f   libvcruntime:strchr.obj
 0001:0001d590       __C_specific_handler       000000018001e590 f   libvcruntime:_riscchandler_.obj
 0001:0001d79c       __vcrt_initialize          000000018001e79c f   libvcruntime:initialization.obj
 0001:0001d7d0       __vcrt_thread_attach       000000018001e7d0 f   libvcruntime:initialization.obj
 0001:0001d7e4       __vcrt_thread_detach       000000018001e7e4 f   libvcruntime:initialization.obj
 0001:0001d7f8       __vcrt_uninitialize        000000018001e7f8 f   libvcruntime:initialization.obj
 0001:0001d818       __vcrt_uninitialize_critical 000000018001e818 f   libvcruntime:initialization.obj
 0001:0001d828       __std_type_info_compare    000000018001e828 f   libvcruntime:std_type_info.obj
 0001:0001d850       __std_type_info_destroy_list 000000018001e850 f   libvcruntime:std_type_info.obj
 0001:0001d87c       __vcrt_freefls             000000018001e87c f   libvcruntime:per_thread_data.obj
 0001:0001d89c       __vcrt_freeptd             000000018001e89c f   libvcruntime:per_thread_data.obj
 0001:0001d8ec       __vcrt_getptd              000000018001e8ec f   libvcruntime:per_thread_data.obj
 0001:0001d908       __vcrt_getptd_noexit       000000018001e908 f   libvcruntime:per_thread_data.obj
 0001:0001d9c0       __vcrt_initialize_ptd      000000018001e9c0 f   libvcruntime:per_thread_data.obj
 0001:0001da10       __vcrt_uninitialize_ptd    000000018001ea10 f   libvcruntime:per_thread_data.obj
 0001:0001da34       ?__GetCurrentState@@YAHPEA_KPEAU_xDISPATCHER_CONTEXT@@PEBU_s_FuncInfo@@@Z 000000018001ea34 f   libvcruntime:riscehstate.obj
 0001:0001da5c       ?__GetUnwindTryBlock@@YAHPEA_KPEAU_xDISPATCHER_CONTEXT@@PEBU_s_FuncInfo@@@Z 000000018001ea5c f   libvcruntime:riscehstate.obj
 0001:0001da88       ?__SetState@@YAXPEA_KPEAU_xDISPATCHER_CONTEXT@@PEBU_s_FuncInfo@@H@Z 000000018001ea88 f   libvcruntime:riscehstate.obj
 0001:0001da94       ?__SetUnwindTryBlock@@YAXPEA_KPEAU_xDISPATCHER_CONTEXT@@PEBU_s_FuncInfo@@H@Z 000000018001ea94 f   libvcruntime:riscehstate.obj
 0001:0001dad0       ?__StateFromControlPc@@YAHPEBU_s_FuncInfo@@PEAU_xDISPATCHER_CONTEXT@@@Z 000000018001ead0 f   libvcruntime:riscehstate.obj
 0001:0001dad8       ?__StateFromIp@@YAHPEBU_s_FuncInfo@@PEAU_xDISPATCHER_CONTEXT@@_K@Z 000000018001ead8 f   libvcruntime:riscehstate.obj
 0001:0001db40       ??0bad_exception@std@@QEAA@AEBV01@@Z 000000018001eb40 f i libvcruntime:frame.obj
 0001:0001db80       ??0bad_exception@std@@QEAA@XZ 000000018001eb80 f i libvcruntime:frame.obj
 0001:0001dba0       ??0exception@std@@QEAA@AEBV01@@Z 000000018001eba0 f i libvcruntime:frame.obj
 0001:0001dbd8       ??1bad_exception@std@@UEAA@XZ 000000018001ebd8 f i libvcruntime:frame.obj
 0001:0001dbec       ??_Gexception@std@@UEAAPEAXI@Z 000000018001ebec f i libvcruntime:frame.obj
 0001:0001dbec       ??_Gbad_exception@std@@UEAAPEAXI@Z 000000018001ebec f i libvcruntime:frame.obj
 0001:0001dbec       ??_Ebad_exception@std@@UEAAPEAXI@Z 000000018001ebec f i libvcruntime:frame.obj
 0001:0001dbec       ??_Eexception@std@@UEAAPEAXI@Z 000000018001ebec f i libvcruntime:frame.obj
 0001:0001e558       ?_CallMemberFunction1@@YAXQEAX00@Z 000000018001f558 f i libvcruntime:frame.obj
 0001:0001e564       ?_CallMemberFunction2@@YAXQEAX00H@Z 000000018001f564 f i libvcruntime:frame.obj
 0001:0001e574       ?what@exception@std@@UEBAPEBDXZ 000000018001f574 f i libvcruntime:frame.obj
 0001:0001e588       __BuildCatchObject         000000018001f588 f   libvcruntime:frame.obj
 0001:0001e648       __BuildCatchObjectHelper   000000018001f648 f   libvcruntime:frame.obj
 0001:0001e848       __CxxCallCatchBlock        000000018001f848 f   libvcruntime:frame.obj
 0001:0001ea34       __FrameUnwindToState       000000018001fa34 f   libvcruntime:frame.obj
 0001:0001ebc8       __InternalCxxFrameHandler  000000018001fbc8 f   libvcruntime:frame.obj
 0001:0001ee0c       __TypeMatch                000000018001fe0c f   libvcruntime:frame.obj
 0001:0001ef50       __vcrt_initialize_pure_virtual_call_handler 000000018001ff50 f   libvcruntime:purevirt_data.obj
 0001:0001ef70       _local_unwind              000000018001ff70 f   libvcruntime:_jmpuwind_.obj
 0001:0001efa0       _NLG_Notify                000000018001ffa0 f   libvcruntime:_jmpuwind_.obj
 0001:0001efc0       __NLG_Dispatch2            000000018001ffc0 f   libvcruntime:_jmpuwind_.obj
 0001:0001efd0       __NLG_Return2              000000018001ffd0 f   libvcruntime:_jmpuwind_.obj
 0001:0001efd4       __except_validate_context_record 000000018001ffd4 f   libvcruntime:jbcxrval.obj
 0001:0001f00c       __vcrt_initialize_locks    000000018002000c f   libvcruntime:locks.obj
 0001:0001f054       __vcrt_uninitialize_locks  0000000180020054 f   libvcruntime:locks.obj
 0001:0001f264       __vcrt_FlsAlloc            0000000180020264 f   libvcruntime:winapi_downlevel.obj
 0001:0001f2ac       __vcrt_FlsFree             00000001800202ac f   libvcruntime:winapi_downlevel.obj
 0001:0001f2f4       __vcrt_FlsGetValue         00000001800202f4 f   libvcruntime:winapi_downlevel.obj
 0001:0001f33c       __vcrt_FlsSetValue         000000018002033c f   libvcruntime:winapi_downlevel.obj
 0001:0001f390       __vcrt_InitializeCriticalSectionEx 0000000180020390 f   libvcruntime:winapi_downlevel.obj
 0001:0001f3f4       __vcrt_initialize_winapi_thunks 00000001800203f4 f   libvcruntime:winapi_downlevel.obj
 0001:0001f424       __vcrt_uninitialize_winapi_thunks 0000000180020424 f   libvcruntime:winapi_downlevel.obj
 0001:0001f480       _CallSettingFrame          0000000180020480 f   libvcruntime:handlers.obj
 0001:0001f4c0       __std_exception_copy       00000001800204c0 f   libvcruntime:std_exception.obj
 0001:0001f550       __std_exception_destroy    0000000180020550 f   libvcruntime:std_exception.obj
 0001:0001f578       _CxxThrowException         0000000180020578 f   libvcruntime:throw.obj
 0001:0001f638       ??$ensure_buffer_is_big_enough@D@formatting_buffer@__crt_stdio_output@@QEAA_N_K@Z 0000000180020638 f i libucrt:output.obj
 0001:0001f6e4       ??$is_wide_character_specifier@D@__crt_stdio_output@@YA_N_KDW4length_modifier@0@@Z 00000001800206e4 f i libucrt:output.obj
 0001:0001f714       ??$is_wide_character_specifier@_W@__crt_stdio_output@@YA_N_K_WW4length_modifier@0@@Z 0000000180020714 f i libucrt:output.obj
 0001:0001f758       ??$type_case_integer_parse_into_buffer@I@?$output_processor@_WV?$string_output_adapter@_W@__crt_stdio_output@@V?$standard_base@_WV?$string_output_adapter@_W@__crt_stdio_output@@@2@@__crt_stdio_output@@AEAAXII_N@Z 0000000180020758 f i libucrt:output.obj
 0001:0001f758       ??$type_case_integer_parse_into_buffer@I@?$output_processor@DV?$string_output_adapter@D@__crt_stdio_output@@V?$standard_base@DV?$string_output_adapter@D@__crt_stdio_output@@@2@@__crt_stdio_output@@AEAAXII_N@Z 0000000180020758 f i libucrt:output.obj
 0001:0001f7f4       ??$type_case_integer_parse_into_buffer@_K@?$output_processor@DV?$string_output_adapter@D@__crt_stdio_output@@V?$standard_base@DV?$string_output_adapter@D@__crt_stdio_output@@@2@@__crt_stdio_output@@AEAAX_KI_N@Z 00000001800207f4 f i libucrt:output.obj
 0001:0001f7f4       ??$type_case_integer_parse_into_buffer@_K@?$output_processor@_WV?$string_output_adapter@_W@__crt_stdio_output@@V?$standard_base@_WV?$string_output_adapter@_W@__crt_stdio_output@@@2@@__crt_stdio_output@@AEAAX_KI_N@Z 00000001800207f4 f i libucrt:output.obj
 0001:0001f890       ??$write_multiple_characters@V?$string_output_adapter@D@__crt_stdio_output@@D@__crt_stdio_output@@YAXAEBV?$string_output_adapter@D@0@DHQEAH@Z 0000000180020890 f i libucrt:output.obj
 0001:0001f8ec       ??$write_multiple_characters@V?$string_output_adapter@_W@__crt_stdio_output@@D@__crt_stdio_output@@YAXAEBV?$string_output_adapter@_W@0@DHQEAH@Z 00000001800208ec f i libucrt:output.obj
 0001:0001f95c       ??0?$output_processor@DV?$string_output_adapter@D@__crt_stdio_output@@V?$standard_base@DV?$string_output_adapter@D@__crt_stdio_output@@@2@@__crt_stdio_output@@QEAA@AEBV?$string_output_adapter@D@1@_KQEBDQEAU__crt_locale_pointers@@QEAD@Z 000000018002095c f i libucrt:output.obj
 0001:0001f9d8       ??0?$output_processor@_WV?$string_output_adapter@_W@__crt_stdio_output@@V?$standard_base@_WV?$string_output_adapter@_W@__crt_stdio_output@@@2@@__crt_stdio_output@@QEAA@AEBV?$string_output_adapter@_W@1@_KQEB_WQEAU__crt_locale_pointers@@QEAD@Z 00000001800209d8 f i libucrt:output.obj
 0001:0001fa58       ??0_LocaleUpdate@@QEAA@QEAU__crt_locale_pointers@@@Z 0000000180020a58 f i libucrt:output.obj
 0001:0001fae8       ?force_decimal_point@__crt_stdio_output@@YAXPEADQEAU__crt_locale_pointers@@@Z 0000000180020ae8 f i libucrt:output.obj
 0001:0001fb58       ?parse_int_from_format_string@?$output_processor@DV?$string_output_adapter@D@__crt_stdio_output@@V?$standard_base@DV?$string_output_adapter@D@__crt_stdio_output@@@2@@__crt_stdio_output@@AEAA_NQEAH@Z 0000000180020b58 f i libucrt:output.obj
 0001:0001fbdc       ?parse_int_from_format_string@?$output_processor@_WV?$string_output_adapter@_W@__crt_stdio_output@@V?$standard_base@_WV?$string_output_adapter@_W@__crt_stdio_output@@@2@@__crt_stdio_output@@AEAA_NQEAH@Z 0000000180020bdc f i libucrt:output.obj
 0001:0001fc5c       ?process@?$output_processor@DV?$string_output_adapter@D@__crt_stdio_output@@V?$standard_base@DV?$string_output_adapter@D@__crt_stdio_output@@@2@@__crt_stdio_output@@QEAAHXZ 0000000180020c5c f i libucrt:output.obj
 0001:0001fe60       ?process@?$output_processor@_WV?$string_output_adapter@_W@__crt_stdio_output@@V?$standard_base@_WV?$string_output_adapter@_W@__crt_stdio_output@@@2@@__crt_stdio_output@@QEAAHXZ 0000000180020e60 f i libucrt:output.obj
 0001:000200dc       ?state_case_normal@?$output_processor@DV?$string_output_adapter@D@__crt_stdio_output@@V?$standard_base@DV?$string_output_adapter@D@__crt_stdio_output@@@2@@__crt_stdio_output@@AEAA_NXZ 00000001800210dc f i libucrt:output.obj
 0001:00020150       ?state_case_normal_tchar@?$output_processor@DV?$string_output_adapter@D@__crt_stdio_output@@V?$standard_base@DV?$string_output_adapter@D@__crt_stdio_output@@@2@@__crt_stdio_output@@AEAA_ND@Z 0000000180021150 f i libucrt:output.obj
 0001:000201e8       ?state_case_size@?$output_processor@DV?$string_output_adapter@D@__crt_stdio_output@@V?$standard_base@DV?$string_output_adapter@D@__crt_stdio_output@@@2@@__crt_stdio_output@@AEAA_NXZ 00000001800211e8 f i libucrt:output.obj
 0001:00020364       ?state_case_size@?$output_processor@_WV?$string_output_adapter@_W@__crt_stdio_output@@V?$standard_base@_WV?$string_output_adapter@_W@__crt_stdio_output@@@2@@__crt_stdio_output@@AEAA_NXZ 0000000180021364 f i libucrt:output.obj
 0001:00020508       ?state_case_type@?$output_processor@DV?$string_output_adapter@D@__crt_stdio_output@@V?$standard_base@DV?$string_output_adapter@D@__crt_stdio_output@@@2@@__crt_stdio_output@@AEAA_NXZ 0000000180021508 f i libucrt:output.obj
 0001:00020784       ?state_case_type@?$output_processor@_WV?$string_output_adapter@_W@__crt_stdio_output@@V?$standard_base@_WV?$string_output_adapter@_W@__crt_stdio_output@@@2@@__crt_stdio_output@@AEAA_NXZ 0000000180021784 f i libucrt:output.obj
 0001:00020a50       ?type_case_Z@?$output_processor@DV?$string_output_adapter@D@__crt_stdio_output@@V?$standard_base@DV?$string_output_adapter@D@__crt_stdio_output@@@2@@__crt_stdio_output@@AEAA_NXZ 0000000180021a50 f i libucrt:output.obj
 0001:00020ad0       ?type_case_Z@?$output_processor@_WV?$string_output_adapter@_W@__crt_stdio_output@@V?$standard_base@_WV?$string_output_adapter@_W@__crt_stdio_output@@@2@@__crt_stdio_output@@AEAA_NXZ 0000000180021ad0 f i libucrt:output.obj
 0001:00020b50       ?type_case_a@?$output_processor@DV?$string_output_adapter@D@__crt_stdio_output@@V?$standard_base@DV?$string_output_adapter@D@__crt_stdio_output@@@2@@__crt_stdio_output@@AEAA_NXZ 0000000180021b50 f i libucrt:output.obj
 0001:00020d6c       ?type_case_a@?$output_processor@_WV?$string_output_adapter@_W@__crt_stdio_output@@V?$standard_base@_WV?$string_output_adapter@_W@__crt_stdio_output@@@2@@__crt_stdio_output@@AEAA_NXZ 0000000180021d6c f i libucrt:output.obj
 0001:00020fb0       ?type_case_c_tchar@?$output_processor@DV?$string_output_adapter@D@__crt_stdio_output@@V?$standard_base@DV?$string_output_adapter@D@__crt_stdio_output@@@2@@__crt_stdio_output@@AEAA_ND@Z 0000000180021fb0 f i libucrt:output.obj
 0001:00021064       ?type_case_c_tchar@?$output_processor@_WV?$string_output_adapter@_W@__crt_stdio_output@@V?$standard_base@_WV?$string_output_adapter@_W@__crt_stdio_output@@@2@@__crt_stdio_output@@AEAA_N_W@Z 0000000180022064 f i libucrt:output.obj
 0001:0002110c       ?type_case_integer@?$output_processor@_WV?$string_output_adapter@_W@__crt_stdio_output@@V?$standard_base@_WV?$string_output_adapter@_W@__crt_stdio_output@@@2@@__crt_stdio_output@@AEAA_NI_N@Z 000000018002210c f i libucrt:output.obj
 0001:0002110c       ?type_case_integer@?$output_processor@DV?$string_output_adapter@D@__crt_stdio_output@@V?$standard_base@DV?$string_output_adapter@D@__crt_stdio_output@@@2@@__crt_stdio_output@@AEAA_NI_N@Z 000000018002210c f i libucrt:output.obj
[...]
 0004:00001ecc       $pdata$??$?RV<lambda_5e887d1dcbef67a5eb4283622ba103bf>@@AEAV<lambda_4466841279450cc726390878d4a41900>@@V<lambda_341c25c0346d94847f1f3c463c57e077>@@@?$__crt_seh_guarded_call@X@@QEAAX$$QEAV<lambda_5e887d1dcbef67a5eb4283622ba103bf>@@AEAV<lambda_4466841279450cc726390878d4a41900>@@$$QEAV<lambda_341c25c0346d94847f1f3c463c57e077>@@@Z 000000018004fecc     libucrt:per_thread_data.obj
 0004:00001ed8       $pdata$??$?RV<lambda_46352004c1216016012b18bd6f87e700>@@AEAV<lambda_3bd07e1a1191394380780325891bf33f>@@V<lambda_334532d3f185bcaa59b5be82d7d22bff>@@@?$__crt_seh_guarded_call@X@@QEAAX$$QEAV<lambda_46352004c1216016012b18bd6f87e700>@@AEAV<lambda_3bd07e1a1191394380780325891bf33f>@@$$QEAV<lambda_334532d3f185bcaa59b5be82d7d22bff>@@@Z 000000018004fed8     libucrt:per_thread_data.obj
 0004:00001ee4       $pdata$??$?RV<lambda_fb3a7dec4e47f37f22dae91bb15c9095>@@AEAV<lambda_698284760c8add0bfb0756c19673e34b>@@V<lambda_dfb8eca1e75fef3034a8fb18dd509707>@@@?$__crt_seh_guarded_call@X@@QEAAX$$QEAV<lambda_fb3a7dec4e47f37f22dae91bb15c9095>@@AEAV<lambda_698284760c8add0bfb0756c19673e34b>@@$$QEAV<lambda_dfb8eca1e75fef3034a8fb18dd509707>@@@Z 000000018004fee4     libucrt:per_thread_data.obj
 0004:00001ef0       $pdata$__acrt_update_locale_info 000000018004fef0     libucrt:locale_update.obj
 0004:00001efc       $pdata$__acrt_update_multibyte_info 000000018004fefc     libucrt:locale_update.obj
 0004:00001f08       $pdata$__acrt_fp_format    000000018004ff08     libucrt:cvt.obj
 0004:00001f14       $pdata$?fp_format_nan_or_infinity@@YAHW4__acrt_fp_class@@_NPEAD_K1@Z 000000018004ff14     libucrt:cvt.obj
 0004:00001f20       $pdata$?fp_format_e_internal@@YAHQEAD_KH_NIQEAU_strflt@@2QEAU__crt_locale_pointers@@@Z 000000018004ff20     libucrt:cvt.obj
 0004:00001f2c       $pdata$?fp_format_e@@YAHQEBNQEAD_K12H_NIQEAU__crt_locale_pointers@@@Z 000000018004ff2c     libucrt:cvt.obj
 0004:00001f38       $pdata$?fp_format_a@@YAHQEBNPEAD_KQEAD2H_NIQEAU__crt_locale_pointers@@@Z 000000018004ff38     libucrt:cvt.obj
 0004:00001f44       $pdata$?fp_format_f_internal@@YAHQEAD_KHQEAU_strflt@@_NQEAU__crt_locale_pointers@@@Z 000000018004ff44     libucrt:cvt.obj
 0004:00001f50       $pdata$?fp_format_g@@YAHQEBNQEAD_K12H_NIQEAU__crt_locale_pointers@@@Z 000000018004ff50     libucrt:cvt.obj
 0004:00001f5c       $pdata$_fileno             000000018004ff5c     libucrt:fileno.obj
 0004:00001f68       $pdata$__acrt_initialize_stdio 000000018004ff68     libucrt:_file.obj
 0004:00001f74       $pdata$__acrt_uninitialize_stdio 000000018004ff74     libucrt:_file.obj
 0004:00001f80       $pdata$__acrt_uninitialize_locale 000000018004ff80     libucrt:wsetlocale.obj
 0004:00001f8c       $pdata$__acrt_uninitialize_locale$fin$0 000000018004ff8c     libucrt:wsetlocale.obj
 0004:00001f8c       $pdata$__acrt_update_thread_locale_data$fin$0 000000018004ff8c     libucrt:locale_refcounting.obj
 0004:00001f98       $pdata$__acrt_initialize_lowio 000000018004ff98     libucrt:ioinit.obj
 0004:00001fa4       $pdata$__acrt_initialize_lowio$fin$0 000000018004ffa4     libucrt:ioinit.obj
 0004:00001fa4       $pdata$__acrt_lowio_ensure_fh_exists$fin$0 000000018004ffa4     libucrt:osfinfo.obj
 0004:00001fb0       $pdata$__acrt_uninitialize_lowio 000000018004ffb0     libucrt:ioinit.obj
 0004:00001fbc       $pdata$?initialize_inherited_file_handles_nolock@@YAXXZ 000000018004ffbc     libucrt:ioinit.obj
 0004:00001fc8       $pdata$?initialize_stdio_handles_nolock@@YAXXZ 000000018004ffc8     libucrt:ioinit.obj
 0004:00001fd4       $pdata$__pctype_func       000000018004ffd4     libucrt:ctype.obj
 0004:00001fe0       $pdata$iswctype            000000018004ffe0     libucrt:iswctype.obj
 0004:00001fec       $pdata$_isctype_l          000000018004ffec     libucrt:isctype.obj
 0004:00001ff8       $pdata$__acrt_initialize_locks 000000018004fff8     libucrt:locks.obj
 0004:00002004       $pdata$__acrt_uninitialize_locks 0000000180050004     libucrt:locks.obj
 0004:00002010       $pdata$__acrt_FlsAlloc     0000000180050010     libucrt:winapi_thunks.obj
 0004:0000201c       $pdata$__acrt_FlsFree      000000018005001c     libucrt:winapi_thunks.obj
 0004:00002028       $pdata$__acrt_FlsGetValue  0000000180050028     libucrt:winapi_thunks.obj
 0004:00002034       $pdata$__acrt_FlsSetValue  0000000180050034     libucrt:winapi_thunks.obj
 0004:00002040       $pdata$__acrt_initialize_winapi_thunks 0000000180050040     libucrt:winapi_thunks.obj
 0004:0000204c       $pdata$__acrt_uninitialize_winapi_thunks 000000018005004c     libucrt:winapi_thunks.obj
 0004:00002058       $pdata$__acrt_InitializeCriticalSectionEx 0000000180050058     libucrt:winapi_thunks.obj
 0004:00002064       $pdata$__acrt_LCMapStringEx 0000000180050064     libucrt:winapi_thunks.obj
 0004:00002070       $pdata$__acrt_LocaleNameToLCID 0000000180050070     libucrt:winapi_thunks.obj
 0004:0000207c       $pdata$__acrt_is_packaged_app 000000018005007c     libucrt:winapi_thunks.obj
 0004:00002088       $pdata$?try_get_function@@YAPEAXW4function_id@?A0x63058377@@QEBDQEBW4module_id@2@2@Z 0000000180050088     libucrt:winapi_thunks.obj
 0004:00002094       $pdata$_calloc_base        0000000180050094     libucrt:calloc_base.obj
 0004:000020a0       $pdata$??$common_expand_argv_wildcards@D@@YAHQEAPEADQEAPEAPEAD@Z 00000001800500a0     libucrt:argv_wildcards.obj
 0004:000020ac       $pdata$?expand_if_necessary@?$argument_list@D@?A0xca0879c4@@AEAAHXZ 00000001800500ac     libucrt:argv_wildcards.obj
 0004:000020b8       $pdata$??$copy_and_add_argument_to_buffer@D@@YAHQEBD0_KAEAV?$argument_list@D@?A0xca0879c4@@@Z 00000001800500b8     libucrt:argv_wildcards.obj
 0004:000020c4       $pdata$??$expand_argument_wildcards@D@@YAHQEAD0AEAV?$argument_list@D@?A0xca0879c4@@@Z 00000001800500c4     libucrt:argv_wildcards.obj
 0004:000020d0       $pdata$__acrt_update_thread_multibyte_data 00000001800500d0     libucrt:mbctype.obj
 0004:000020dc       $pdata$__acrt_update_thread_multibyte_data$fin$0 00000001800500dc     libucrt:mbctype.obj
 0004:000020e8       $pdata$__acrt_initialize_multibyte 00000001800500e8     libucrt:mbctype.obj
 0004:000020f4       $pdata$_setmbcp_nolock     00000001800500f4     libucrt:mbctype.obj
 0004:00002100       $pdata$?getSystemCP@@YAHH@Z 0000000180050100     libucrt:mbctype.obj
 0004:0000210c       $pdata$?setSBCS@@YAXPEAU__crt_multibyte_data@@@Z 000000018005010c     libucrt:mbctype.obj
 0004:00002118       $pdata$?setSBUpLow@@YAXPEAU__crt_multibyte_data@@@Z 0000000180050118     libucrt:mbctype.obj
 0004:00002124       $pdata$?setmbcp_internal@@YAHH_N@Z 0000000180050124     libucrt:mbctype.obj
 0004:00002130       $pdata$??R<lambda_ad1ced32f4ac17aa236e5ef05d6b3b7c>@@QEBAXXZ 0000000180050130     libucrt:mbctype.obj
 0004:0000213c       $pdata$??$?RV<lambda_99476a1ad63dd22509b5d3e65b0ffc95>@@AEAV<lambda_ad1ced32f4ac17aa236e5ef05d6b3b7c>@@V<lambda_f7424dd8d45958661754dc4f2697e9c3>@@@?$__crt_seh_guarded_call@X@@QEAAX$$QEAV<lambda_99476a1ad63dd22509b5d3e65b0ffc95>@@AEAV<lambda_ad1ced32f4ac17aa236e5ef05d6b3b7c>@@$$QEAV<lambda_f7424dd8d45958661754dc4f2697e9c3>@@@Z 000000018005013c     libucrt:mbctype.obj
 0004:00002148       $pdata$?x_ismbbtype_l@@YAHPEAU__crt_locale_pointers@@IHH@Z 0000000180050148     libucrt:ismbbyte.obj
 0004:00002154       $pdata$__acrt_initialize_command_line 0000000180050154     libucrt:argv_data.obj
 0004:00002160       $pdata$__dcrt_get_narrow_environment_from_os 0000000180050160     libucrt:get_environment_from_os.obj
 0004:0000216c       $pdata$_recalloc_base      000000018005016c     libucrt:recalloc.obj
 0004:00002178       $pdata$__acrt_initialize_heap 0000000180050178     libucrt:heap_handle.obj
 0004:00002184       $pdata$__acrt_execute_initializers 0000000180050184     libucrt:shared_initialization.obj
 0004:00002190       $pdata$__acrt_execute_uninitializers 0000000180050190     libucrt:shared_initialization.obj
 0004:0000219c       $pdata$_callnewh           000000018005019c     libucrt:new_handler.obj
 0004:000021a8       $pdata$_query_new_handler  00000001800501a8     libucrt:new_handler.obj
 0004:000021b4       $pdata$_query_new_handler$fin$0 00000001800501b4     libucrt:new_handler.obj
 0004:000021c0       $pdata$__acrt_get_sigabrt_handler 00000001800501c0     libucrt:signal.obj
 0004:000021cc       $pdata$raise               00000001800501cc     libucrt:signal.obj
 0004:000021d8       $pdata$raise$fin$0         00000001800501d8     libucrt:signal.obj
 0004:000021e4       $pdata$??$?RV<lambda_c36588078e9f5dfd39652860aa6b3aaf>@@AEAV<lambda_ec61778202f4f5fc7e7711acc23c3bca>@@V<lambda_dc9d2797ccde5d239b4a0efae8ebd7db>@@@?$__crt_seh_guarded_call@P6AXH@Z@@QEAAP6AXH@Z$$QEAV<lambda_c36588078e9f5dfd39652860aa6b3aaf>@@AEAV<lambda_ec61778202f4f5fc7e7711acc23c3bca>@@$$QEAV<lambda_dc9d2797ccde5d239b4a0efae8ebd7db>@@@Z 00000001800501e4     libucrt:signal.obj
 0004:000021f0       $pdata$__acrt_invoke_user_matherr 00000001800501f0     libucrt:matherr.obj
 0004:000021fc       $pdata$_isleadbyte_l       00000001800501fc     libucrt:_wctype.obj
 0004:00002208       $pdata$__acrt_LCMapStringA 0000000180050208     libucrt:lcmapstringa.obj
 0004:00002214       $pdata$?__acrt_LCMapStringA_stat@@YAHPEAU__crt_locale_pointers@@PEB_WKPEBDHPEADHHH@Z 0000000180050214     libucrt:lcmapstringa.obj
 0004:00002220       $pdata$__acrt_release_locale_ref 0000000180050220     libucrt:locale_refcounting.obj
 0004:0000222c       $pdata$__acrt_free_locale  000000018005022c     libucrt:locale_refcounting.obj
 0004:00002238       $pdata$__acrt_locale_free_lc_time_if_unreferenced 0000000180050238     libucrt:locale_refcounting.obj
 0004:00002244       $pdata$__acrt_update_thread_locale_data 0000000180050244     libucrt:locale_refcounting.obj
 0004:00002250       $pdata$_updatetlocinfoEx_nolock 0000000180050250     libucrt:locale_refcounting.obj
 0004:0000225c       $pdata$__acrt_fp_strflt_to_string 000000018005025c     libucrt:_fptostr.obj
 0004:00002268       $pdata$memcpy_s            0000000180050268     libucrt:cfout.obj
 0004:00002274       $pdata$__acrt_fltout       0000000180050274     libucrt:cfout.obj
 0004:00002280       $pdata$?divide@__crt_strtox@@YA_KAEAUbig_integer@1@AEBU21@@Z 0000000180050280     libucrt:cfout.obj
 0004:0000228c       $pdata$5$?divide@__crt_strtox@@YA_KAEAUbig_integer@1@AEBU21@@Z 000000018005028c     libucrt:cfout.obj
 0004:00002298       $pdata$6$?divide@__crt_strtox@@YA_KAEAUbig_integer@1@AEBU21@@Z 0000000180050298     libucrt:cfout.obj
 0004:000022a4       $pdata$_fcloseall          00000001800502a4     libucrt:closeall.obj
 0004:000022b0       $pdata$_fcloseall$fin$0    00000001800502b0     libucrt:closeall.obj
 0004:000022bc       $pdata$_fflush_nolock      00000001800502bc     libucrt:fflush.obj
 0004:000022c8       $pdata$__acrt_stdio_flush_nolock 00000001800502c8     libucrt:fflush.obj
 0004:000022d4       $pdata$common_flush_all    00000001800502d4     libucrt:fflush.obj
 0004:000022e0       $pdata$common_flush_all$fin$0 00000001800502e0     libucrt:fflush.obj
 0004:000022ec       $pdata$common_flush_all$fin$1 00000001800502ec     libucrt:fflush.obj
 0004:000022f8       $pdata$__acrt_stdio_free_buffer_nolock 00000001800502f8     libucrt:_freebuf.obj
 0004:00002304       $pdata$_isatty             0000000180050304     libucrt:isatty.obj
 0004:00002310       $pdata$__acrt_locale_free_monetary 0000000180050310     libucrt:initmon.obj
 0004:0000231c       $pdata$__acrt_locale_free_numeric 000000018005031c     libucrt:initnum.obj
 0004:00002328       $pdata$__acrt_locale_free_time 0000000180050328     libucrt:inittime.obj
 0004:00002334       $pdata$?free_crt_array_internal@@YAXQEAPEBX_K@Z 0000000180050334     libucrt:inittime.obj
 0004:00002340       $pdata$__acrt_GetStringTypeA 0000000180050340     libucrt:getstringtypea.obj
 0004:0000234c       $pdata$_get_osfhandle      000000018005034c     libucrt:osfinfo.obj
 0004:00002358       $pdata$_free_osfhnd        0000000180050358     libucrt:osfinfo.obj
 0004:00002364       $pdata$__acrt_lowio_create_handle_array 0000000180050364     libucrt:osfinfo.obj
 0004:00002370       $pdata$__acrt_lowio_destroy_handle_array 0000000180050370     libucrt:osfinfo.obj
 0004:0000237c       $pdata$__acrt_lowio_ensure_fh_exists 000000018005037c     libucrt:osfinfo.obj
 0004:00002388       $pdata$__acrt_DownlevelLocaleNameToLCID 0000000180050388     libucrt:lcidtoname_downlevel.obj
 0004:00002394       $pdata$?GetTableIndexFromLocaleName@@YAHPEB_W@Z 0000000180050394     libucrt:lcidtoname_downlevel.obj
 0004:000023a0       $pdata$qsort               00000001800503a0     libucrt:qsort.obj
 0004:000023ac       $pdata$4$qsort             00000001800503ac     libucrt:qsort.obj
 0004:000023b8       $pdata$5$qsort             00000001800503b8     libucrt:qsort.obj
 0004:000023c4       $pdata$?shortsort@@YAXPEAD0_KP6AHPEBX2@Z@Z 00000001800503c4     libucrt:qsort.obj
 0004:000023d0       $pdata$2$?shortsort@@YAXPEAD0_KP6AHPEBX2@Z@Z 00000001800503d0     libucrt:qsort.obj
 0004:000023dc       $pdata$3$?shortsort@@YAXPEAD0_KP6AHPEBX2@Z@Z 00000001800503dc     libucrt:qsort.obj
 0004:000023e8       $pdata$strncpy_s           00000001800503e8     libucrt:strncpy_s.obj
 0004:000023f4       $pdata$strpbrk             00000001800503f4     libucrt:strpbrk.obj
 0004:00002400       $pdata$_mbsdec_l           0000000180050400     libucrt:mbsdec.obj
 0004:0000240c       $pdata$?initialize_multibyte@@YAHXZ 000000018005040c     libucrt:multibyte_initializer.obj
 0004:00002418       $pdata$_msize              0000000180050418     libucrt:msize.obj
 0004:00002424       $pdata$_realloc_base       0000000180050424     libucrt:realloc_base.obj
 0004:00002430       $pdata$fegetenv            0000000180050430     libucrt:fegetenv.obj
 0004:0000243c       $pdata$fesetenv            000000018005043c     libucrt:fesetenv.obj
 0004:00002448       $pdata$feholdexcept        0000000180050448     libucrt:feholdexcept.obj
 0004:00002460       $pdata$_write              0000000180050460     libucrt:write.obj
 0004:0000246c       $pdata$_write$fin$0        000000018005046c     libucrt:write.obj
 0004:00002478       $pdata$_write_nolock       0000000180050478     libucrt:write.obj
 0004:00002484       $pdata$?write_double_translated_ansi_nolock@@YA?AUwrite_result@?A0x9c548279@@HQEBDI@Z 0000000180050484     libucrt:write.obj
 0004:00002490       $pdata$?write_text_ansi_nolock@@YA?AUwrite_result@?A0x9c548279@@HQEBDI@Z 0000000180050490     libucrt:write.obj
 0004:0000249c       $pdata$?write_text_utf16le_nolock@@YA?AUwrite_result@?A0x9c548279@@HQEBDI@Z 000000018005049c     libucrt:write.obj
 0004:000024a8       $pdata$?write_text_utf8_nolock@@YA?AUwrite_result@?A0x9c548279@@HQEBDI@Z 00000001800504a8     libucrt:write.obj
 0004:000024b4       $pdata$??$common_lseek_nolock@_J@@YA_JH_JH@Z 00000001800504b4     libucrt:lseek.obj
 0004:000024c0       $pdata$fclose              00000001800504c0     libucrt:fclose.obj
 0004:000024cc       $pdata$fclose$fin$0        00000001800504cc     libucrt:fclose.obj
 0004:000024d8       $pdata$_fclose_nolock      00000001800504d8     libucrt:fclose.obj
 0004:000024e4       $pdata$_commit             00000001800504e4     libucrt:commit.obj
 0004:000024f0       $pdata$??$?RV<lambda_b521505b218e5242e90febf6bfebc422>@@AEAV<lambda_6978c1fb23f02e42e1d9e99668cc68aa>@@V<lambda_314360699dd331753a4119843814e9a7>@@@?$__crt_seh_guarded_call@H@@QEAAH$$QEAV<lambda_b521505b218e5242e90febf6bfebc422>@@AEAV<lambda_6978c1fb23f02e42e1d9e99668cc68aa>@@$$QEAV<lambda_314360699dd331753a4119843814e9a7>@@@Z 00000001800504f0     libucrt:commit.obj
 0004:000024fc       $pdata$?fin$0@?0???$?RV<lambda_b521505b218e5242e90febf6bfebc422>@@AEAV<lambda_6978c1fb23f02e42e1d9e99668cc68aa>@@V<lambda_314360699dd331753a4119843814e9a7>@@@?$__crt_seh_guarded_call@H@@QEAAH$$QEAV<lambda_b521505b218e5242e90febf6bfebc422>@@AEAV<lambda_6978c1fb23f02e42e1d9e99668cc68aa>@@$$QEAV<lambda_314360699dd331753a4119843814e9a7>@@@Z@4HA 00000001800504fc     libucrt:commit.obj
 0004:000024fc       $pdata$?fin$0@?0???$?RV<lambda_bfedae4ebbf01fab1bb6dcc6a9e276e0>@@AEAV<lambda_2fe9b910cf3cbf4a0ab98a02ba45b3ec>@@V<lambda_237c231691f317818eb88cc1d5d642d6>@@@?$__crt_seh_guarded_call@H@@QEAAH$$QEAV<lambda_bfedae4ebbf01fab1bb6dcc6a9e276e0>@@AEAV<lambda_2fe9b910cf3cbf4a0ab98a02ba45b3ec>@@$$QEAV<lambda_237c231691f317818eb88cc1d5d642d6>@@@Z@4HA 00000001800504fc     libucrt:close.obj
 0004:00002508       $pdata$_setfpstatusword    0000000180050508     libucrt:_fenvutils.obj
 0004:00002514       $pdata$_getfpcontrolword   0000000180050514     libucrt:_fenvutils.obj
 0004:00002520       $pdata$_getfpstatusword    0000000180050520     libucrt:_fenvutils.obj
 0004:0000252c       $pdata$_clearfp            000000018005052c     libucrt:ieee.obj
 0004:00002538       $pdata$common_control87    0000000180050538     libucrt:ieee.obj
 0004:00002544       $pdata$common_control87$filt$0 0000000180050544     libucrt:ieee.obj
 0004:00002544       $pdata$_ctrlfp$filt$0      0000000180050544     libucrt:fpctrl.obj
 0004:00002550       $pdata$_call_matherr       0000000180050550     libucrt:libm_error.obj
 0004:0000255c       $pdata$_exception_enabled  000000018005055c     libucrt:libm_error.obj
 0004:00002568       $pdata$_handle_error       0000000180050568     libucrt:libm_error.obj
 0004:00002574       $pdata$__acrt_initialize_fma3 0000000180050574     libucrt:fma3_available.obj
 0004:00002580       $pdata$_log_special_common 0000000180050580     libucrt:log_special.obj
 0004:0000258c       $pdata$_log10_special      000000018005058c     libucrt:log_special.obj
 0004:00002598       $pdata$_putwch_nolock      0000000180050598     libucrt:putwch.obj
 0004:000025a4       $pdata$_close              00000001800505a4     libucrt:close.obj
 0004:000025b0       $pdata$_close_nolock       00000001800505b0     libucrt:close.obj
 0004:000025bc       $pdata$??$?RV<lambda_bfedae4ebbf01fab1bb6dcc6a9e276e0>@@AEAV<lambda_2fe9b910cf3cbf4a0ab98a02ba45b3ec>@@V<lambda_237c231691f317818eb88cc1d5d642d6>@@@?$__crt_seh_guarded_call@H@@QEAAH$$QEAV<lambda_bfedae4ebbf01fab1bb6dcc6a9e276e0>@@AEAV<lambda_2fe9b910cf3cbf4a0ab98a02ba45b3ec>@@$$QEAV<lambda_237c231691f317818eb88cc1d5d642d6>@@@Z 00000001800505bc     libucrt:close.obj
 0004:000025d4       $pdata$_set_errno_from_matherr 00000001800505d4     libucrt:fpexcept.obj
 0004:000025e0       $pdata$_raise_exc          00000001800505e0     libucrt:fpexcept.obj
 0004:000025ec       $pdata$_raise_exc_ex       00000001800505ec     libucrt:fpexcept.obj
 0004:000025f8       $pdata$_clrfp              00000001800505f8     libucrt:fpctrl.obj
 0004:00002604       $pdata$_ctrlfp             0000000180050604     libucrt:fpctrl.obj
 0004:00002610       $pdata$_statfp             0000000180050610     libucrt:fpctrl.obj
 0004:0000261c       $pdata$_set_statfp         000000018005061c     libucrt:fpctrl.obj
 0004:00002628       $pdata$__dcrt_lowio_initialize_console_output 0000000180050628     libucrt:initcon.obj
 0004:00002634       $pdata$__dcrt_terminate_console_output 0000000180050634     libucrt:initcon.obj
 0004:00002640       $pdata$?apiGetConsoleFontSize@@YAHPEAXAEAH1AEAY0CA@_W@Z 0000000180050640     common-kernel64:WConsole.obj
 0004:0000264c       $pdata$?apiSetConsoleFontSize@@YAHPEAXHHPEB_W@Z 000000018005064c     common-kernel64:WConsole.obj
 0004:00002658       $pdata$?apiGetCurrentConsoleFontEx@@YAHPEAXHPEAUMY_CONSOLE_FONT_INFOEX@@@Z 0000000180050658     common-kernel64:WConsole.obj
 0004:00002664       $pdata$?apiSetCurrentConsoleFontEx@@YAHPEAXHPEAUMY_CONSOLE_FONT_INFOEX@@@Z 0000000180050664     common-kernel64:WConsole.obj
 0004:00002670       $pdata$_IsNonwritableInCurrentImage 0000000180050670     LIBCMT:pesect.obj
 0004:0000267c       $pdata$_IsNonwritableInCurrentImage$filt$0 000000018005067c     LIBCMT:pesect.obj
 0005:000000a0       $R000000                   00000001800510a0     ConEmu.res
 0005:000003b0       $R000310                   00000001800513b0     ConEmu.res
